13:56:37 - Agent.llm_coordinator_agent - INFO - ✅ 注册智能体: enhanced_real_verilog_agent (集成Schema验证的增强Verilog HDL设计智能体，提供严格参数验证和智能错误修复的专业数字电路设计服务)
13:56:37 - Agent.llm_coordinator_agent - INFO - ✅ 注册智能体: enhanced_real_code_review_agent (集成Schema验证的增强代码审查智能体，提供严格参数验证和智能错误修复的专业硬件验证服务)
13:56:37 - Agent.llm_coordinator_agent - INFO - 🚀 开始协调任务: 
请设计一个名为 counter 的Verilog模块。

**基本要求**：
1. 生成完整、可编译的Verilog代码
2. 包含适当的端口定义和功能实现
3. 符合Verilog标准语法
4. ...
13:56:37 - Agent.llm_coordinator_agent - INFO - 🚀 开始Function Calling处理: 
🧠 协调任务

**用户需求**:

请设计一个名为 counter 的Verilog模块。

**基本要求**：
1. 生成完整、可编译的Verilog代码
2. 包含适当的端口定义和功能实现
3...
13:56:37 - Agent.llm_coordinator_agent - INFO - 🔄 自主继续模式: 启用
13:56:37 - Agent.llm_coordinator_agent - INFO - 🔗 智能体独立对话ID: llm_coordinator_agent_exp_llm_coordinator_counter_1754459797 (原始ID: exp_llm_coordinator_counter_1754459797)
13:56:37 - Agent.llm_coordinator_agent - INFO - 🆕 创建新的对话历史
13:56:37 - Agent.llm_coordinator_agent - INFO - 📊 对话统计: 总消息数=2, 对话时长=0.0秒
13:56:37 - Agent.llm_coordinator_agent - INFO - 🔄 Function Calling 迭代 1/6
13:56:37 - Agent.llm_coordinator_agent - INFO - 🔄 [COORDINATOR] 准备LLM调用 - 对话历史长度: 2, assistant消息数: 0, 是否首次调用: True
13:56:37 - Agent.llm_coordinator_agent - INFO - 🤖 [COORDINATOR] 发起LLM调用 - 对话ID: llm_coordinator_agent_exp_llm_coordinator_counter_1754459797
13:56:39 - Agent.llm_coordinator_agent - INFO - 🔍 [COORDINATOR] LLM响应长度: 229
13:56:39 - Agent.llm_coordinator_agent - INFO - 🔧 执行工具调用: identify_task_type
13:56:39 - Agent.llm_coordinator_agent - INFO - 🔍 识别任务类型: 设计一个名为 counter 的Verilog模块...
13:56:41 - Agent.llm_coordinator_agent - INFO - ✅ 工具执行成功: identify_task_type
13:56:41 - Agent.llm_coordinator_agent - INFO - 🔄 Function Calling 迭代 2/6
13:56:41 - Agent.llm_coordinator_agent - INFO - 🔄 [COORDINATOR] 准备LLM调用 - 对话历史长度: 4, assistant消息数: 1, 是否首次调用: False
13:56:41 - Agent.llm_coordinator_agent - INFO - 🤖 [COORDINATOR] 发起LLM调用 - 对话ID: llm_coordinator_agent_exp_llm_coordinator_counter_1754459797
13:56:43 - Agent.llm_coordinator_agent - INFO - 🔍 [COORDINATOR] LLM响应长度: 309
13:56:43 - Agent.llm_coordinator_agent - INFO - 🔧 执行工具调用: recommend_agent
13:56:43 - Agent.llm_coordinator_agent - INFO - 🤖 推荐智能体: design - medium
13:56:43 - Agent.llm_coordinator_agent - INFO - ✅ 工具执行成功: recommend_agent
13:56:43 - Agent.llm_coordinator_agent - INFO - 🔄 Function Calling 迭代 3/6
13:56:43 - Agent.llm_coordinator_agent - INFO - 🔄 [COORDINATOR] 准备LLM调用 - 对话历史长度: 6, assistant消息数: 2, 是否首次调用: False
13:56:43 - Agent.llm_coordinator_agent - INFO - 🤖 [COORDINATOR] 发起LLM调用 - 对话ID: llm_coordinator_agent_exp_llm_coordinator_counter_1754459797
13:56:46 - Agent.llm_coordinator_agent - INFO - 🔍 [COORDINATOR] LLM响应长度: 393
13:56:46 - Agent.llm_coordinator_agent - INFO - 🔧 执行工具调用: assign_task_to_agent
13:56:46 - Agent.llm_coordinator_agent - INFO - 🎯 分配任务给智能体: enhanced_real_verilog_agent
13:56:46 - Agent.llm_coordinator_agent - INFO - 📋 任务描述: 设计一个名为counter的Verilog模块...
13:56:46 - Agent.llm_coordinator_agent - INFO - 🧪 从活跃任务中获取实验路径: C:\Users\84672\Documents\Research\V-Agent\experiments\design_counter_20250806_135637
13:56:46 - Agent.llm_coordinator_agent - INFO - ✅ 设置任务实验路径: C:\Users\84672\Documents\Research\V-Agent\experiments\design_counter_20250806_135637
13:56:46 - Agent.llm_coordinator_agent - WARNING - ⚠️ 未找到之前的设计文件路径
13:56:46 - Agent.llm_coordinator_agent - INFO - 🧪 使用任务上下文中的实验路径: C:\Users\84672\Documents\Research\V-Agent\experiments\design_counter_20250806_135637
13:56:46 - Agent.llm_coordinator_agent - INFO - 📤 发送任务给智能体 enhanced_real_verilog_agent
13:56:46 - Agent.llm_coordinator_agent - INFO - 📋 任务描述: 
📋 协调智能体分配的任务

**任务描述**:
设计一个名为counter的Verilog模块

**期望输出**:
生成完整的Verilog代码文件

**任务类型**:
- 类型: design
- 优先级: medium

**任务上下文**:
- 任务ID: task_1754459806
- 当前阶段: assigned_to_enhanced_real_verilog_agent
-...
13:56:46 - Agent.llm_coordinator_agent - INFO - 📋 调用前 agent 对话状态: {'conversation_id': None, 'message_count': 0, 'conversation_duration': 0, 'system_prompt_length': 6736, 'last_message_time': None, 'agent_id': 'enhanced_real_verilog_agent', 'role': 'verilog_designer'}
13:56:46 - Agent.enhanced_real_verilog_agent - INFO - 🔗 设置任务上下文: task_1754459806
13:56:46 - Agent.llm_coordinator_agent - INFO - 🔗 已设置任务上下文给智能体 enhanced_real_verilog_agent
13:56:46 - Agent.enhanced_real_verilog_agent - INFO - 🚀 开始Function Calling处理: 
📋 协调智能体分配的任务

**任务描述**:
设计一个名为counter的Verilog模块

**期望输出**:
生成完整的Verilog代码文件

**任务类型**:
- 类型: design...
13:56:46 - Agent.enhanced_real_verilog_agent - INFO - 🔄 自主继续模式: 启用
13:56:46 - Agent.enhanced_real_verilog_agent - INFO - 🔗 智能体独立对话ID: enhanced_real_verilog_agent_task_1754459806 (原始ID: task_1754459806)
13:56:46 - Agent.enhanced_real_verilog_agent - INFO - 🆕 创建新的对话历史
13:56:46 - Agent.enhanced_real_verilog_agent - INFO - 📊 对话统计: 总消息数=2, 对话时长=0.0秒
13:56:46 - Agent.enhanced_real_verilog_agent - INFO - 🔄 Function Calling 迭代 1/8
13:56:46 - Agent.enhanced_real_verilog_agent - INFO - 🔄 [VERILOG_AGENT] 准备LLM调用 - 对话历史长度: 2, assistant消息数: 0, 是否首次调用: True
13:56:46 - Agent.enhanced_real_verilog_agent - INFO - 🤖 [VERILOG_AGENT] 发起LLM调用 - 对话ID: enhanced_real_verilog_agent_task_1754459806
13:56:48 - Agent.enhanced_real_verilog_agent - INFO - 🔍 [VERILOG_AGENT] LLM响应长度: 649
13:56:48 - Agent.enhanced_real_verilog_agent - INFO - 🔧 执行工具调用: generate_verilog_code
13:56:48 - Agent.enhanced_real_verilog_agent - INFO - 🔧 生成Verilog代码: counter
13:56:48 - Agent.enhanced_real_verilog_agent - INFO - 🔍 检测到设计类型: 时序逻辑
13:56:51 - Agent.enhanced_real_verilog_agent - INFO - 📝 写入文件: counter.v
13:56:51 - Agent.enhanced_real_verilog_agent - INFO - 🧪 使用任务上下文实验路径: C:\Users\84672\Documents\Research\V-Agent\experiments\design_counter_20250806_135637
13:56:51 - Agent.enhanced_real_verilog_agent - INFO - 🧹 使用智能代码提取处理Verilog文件
13:56:51 - Agent.enhanced_real_verilog_agent - INFO - 🔍 开始提取Verilog代码，原始内容长度: 430
13:56:51 - Agent.enhanced_real_verilog_agent - INFO - 🔍 未找到代码块，尝试提取module声明
13:56:51 - Agent.enhanced_real_verilog_agent - INFO - ✅ 找到 1 个module声明
13:56:51 - Agent.enhanced_real_verilog_agent - INFO - ✅ module 1 验证通过，长度: 430
13:56:51 - Agent.enhanced_real_verilog_agent - INFO - ✅ 成功提取Verilog代码，长度: 430
13:56:51 - Agent.enhanced_real_verilog_agent - INFO - 🧹 Verilog代码提取成功：长度 430 字符
🧠 增强LLM协调智能体测试
============================================================
   设计类型: counter
   配置档案: standard
   最大迭代: 6
   实验ID: llm_coordinator_counter_1754459797
   输出目录: C:\Users\84672\Documents\Research\V-Agent\llm_experiments\llm_coordinator_counter_1754459797
============================================================

🔧 设置实验环境...
✅ 成功加载环境配置: C:\Users\84672\Documents\Research\V-Agent\.env
   ✅ 实验目录创建: C:\Users\84672\Documents\Research\V-Agent\llm_experiments\llm_coordinator_counter_1754459797
   ✅ 元数据保存: experiment_metadata.json

🤖 创建LLM协调智能体...
✅ 增强日志系统初始化成功
📂 实验目录: logs\experiment_20250806_135637
📁 工件目录: logs\experiment_20250806_135637\artifacts
📋 主日志目录: logs
   ✅ 协调智能体创建完成
   ✅ 注册智能体: enhanced_real_verilog_agent
   ✅ 注册智能体: enhanced_real_code_review_agent

📋 设计需求:

请设计一个名为 counter 的Verilog模块。

**基本要求**：
1. 生成完整、可编译的Verilog代码
2. 包含适当的端口定义和功能实现
3. 符合Verilog标准语法
4. 生成对应的测试台进行验证

**质量要求**：
- 代码结构清晰，注释完善
- 遵循良好的命名规范
- 确保功能正确性


🚀 开始执行协调任务...
   最大迭代次数: 6
   超时时间: 300秒
13:56:51 - core.file_manager - WARNING - ⚠️ 端口信息不一致，创建新版本: counter.v
13:56:51 - Agent.enhanced_real_verilog_agent - INFO - ✅ 文件已保存到实验目录并注册到管理器: C:\Users\84672\Documents\Research\V-Agent\experiments\design_counter_20250806_135637\designs\counter.v
13:56:51 - Agent.enhanced_real_verilog_agent - INFO - ✅ 工具执行成功: generate_verilog_code
13:56:51 - Agent.enhanced_real_verilog_agent - INFO - 🔄 Function Calling 迭代 2/8
13:56:51 - Agent.enhanced_real_verilog_agent - INFO - 🔄 [VERILOG_AGENT] 准备LLM调用 - 对话历史长度: 4, assistant消息数: 1, 是否首次调用: False
13:56:51 - Agent.enhanced_real_verilog_agent - INFO - 🤖 [VERILOG_AGENT] 发起LLM调用 - 对话ID: enhanced_real_verilog_agent_task_1754459806
13:56:54 - Agent.enhanced_real_verilog_agent - INFO - 🔍 [VERILOG_AGENT] LLM响应长度: 607
13:56:54 - Agent.enhanced_real_verilog_agent - INFO - 🔧 执行工具调用: write_file
13:56:54 - Agent.enhanced_real_verilog_agent - INFO - 🔄 参数映射: file_path -> filename
13:56:54 - Agent.enhanced_real_verilog_agent - INFO - 🎯 write_file 参数已标准化
13:56:54 - Agent.enhanced_real_verilog_agent - INFO - 📝 写入文件: C:\Users\84672\Documents\Research\V-Agent\experiments\design_counter_20250806_135637\designs\counter.v
13:56:54 - Agent.enhanced_real_verilog_agent - INFO - 🧪 使用任务上下文实验路径: C:\Users\84672\Documents\Research\V-Agent\experiments\design_counter_20250806_135637
13:56:54 - Agent.enhanced_real_verilog_agent - INFO - 🧹 使用智能代码提取处理Verilog文件
13:56:54 - Agent.enhanced_real_verilog_agent - INFO - 🔍 开始提取Verilog代码，原始内容长度: 288
13:56:54 - Agent.enhanced_real_verilog_agent - INFO - 🔍 未找到代码块，尝试提取module声明
13:56:54 - Agent.enhanced_real_verilog_agent - INFO - ✅ 找到 1 个module声明
13:56:54 - Agent.enhanced_real_verilog_agent - INFO - ✅ module 1 验证通过，长度: 288
13:56:54 - Agent.enhanced_real_verilog_agent - INFO - ✅ 成功提取Verilog代码，长度: 288
13:56:54 - Agent.enhanced_real_verilog_agent - INFO - 🧹 Verilog代码提取成功：长度 288 字符
13:56:54 - Agent.enhanced_real_verilog_agent - INFO - ✅ 文件已保存到实验目录并注册到管理器: C:\Users\84672\Documents\Research\V-Agent\experiments\design_counter_20250806_135637\designs\counter.v
13:56:54 - Agent.enhanced_real_verilog_agent - INFO - ✅ 工具执行成功: write_file
13:56:54 - Agent.enhanced_real_verilog_agent - INFO - 🔄 Function Calling 迭代 3/8
13:56:54 - Agent.enhanced_real_verilog_agent - INFO - 🔄 [VERILOG_AGENT] 准备LLM调用 - 对话历史长度: 6, assistant消息数: 2, 是否首次调用: False
13:56:54 - Agent.enhanced_real_verilog_agent - INFO - 🤖 [VERILOG_AGENT] 发起LLM调用 - 对话ID: enhanced_real_verilog_agent_task_1754459806
13:56:57 - Agent.enhanced_real_verilog_agent - INFO - 🔍 [VERILOG_AGENT] LLM响应长度: 520
13:56:57 - Agent.enhanced_real_verilog_agent - INFO - 🔧 执行工具调用: analyze_code_quality
13:56:57 - Agent.enhanced_real_verilog_agent - INFO - 🔍 分析代码质量: counter
13:57:19 - Agent.enhanced_real_verilog_agent - INFO - ✅ 工具执行成功: analyze_code_quality
13:57:19 - Agent.enhanced_real_verilog_agent - INFO - 🔄 Function Calling 迭代 4/8
13:57:19 - Agent.enhanced_real_verilog_agent - INFO - 🔄 [VERILOG_AGENT] 准备LLM调用 - 对话历史长度: 8, assistant消息数: 3, 是否首次调用: False
13:57:19 - Agent.enhanced_real_verilog_agent - INFO - 🤖 [VERILOG_AGENT] 发起LLM调用 - 对话ID: enhanced_real_verilog_agent_task_1754459806
13:57:26 - Agent.enhanced_real_verilog_agent - INFO - 🔍 [VERILOG_AGENT] LLM响应长度: 756
13:57:26 - Agent.enhanced_real_verilog_agent - INFO - 🔧 执行工具调用: write_file
13:57:26 - Agent.enhanced_real_verilog_agent - INFO - 🔄 参数映射: file_path -> filename
13:57:26 - Agent.enhanced_real_verilog_agent - INFO - 🎯 write_file 参数已标准化
13:57:26 - Agent.enhanced_real_verilog_agent - INFO - 📝 写入文件: C:\Users\84672\Documents\Research\V-Agent\experiments\design_counter_20250806_135637\reports\counter_code_quality_report.md
13:57:26 - Agent.enhanced_real_verilog_agent - INFO - 🧪 使用任务上下文实验路径: C:\Users\84672\Documents\Research\V-Agent\experiments\design_counter_20250806_135637
13:57:26 - Agent.enhanced_real_verilog_agent - INFO - ✅ 文件已保存到实验目录并注册到管理器: C:\Users\84672\Documents\Research\V-Agent\experiments\design_counter_20250806_135637\reports\counter_code_quality_report.md
13:57:26 - Agent.enhanced_real_verilog_agent - INFO - ✅ 工具执行成功: write_file
13:57:26 - Agent.enhanced_real_verilog_agent - INFO - 🔄 Function Calling 迭代 5/8
13:57:26 - Agent.enhanced_real_verilog_agent - INFO - 🔄 [VERILOG_AGENT] 准备LLM调用 - 对话历史长度: 10, assistant消息数: 4, 是否首次调用: False
13:57:26 - Agent.enhanced_real_verilog_agent - INFO - 🤖 [VERILOG_AGENT] 发起LLM调用 - 对话ID: enhanced_real_verilog_agent_task_1754459806
13:57:33 - Agent.enhanced_real_verilog_agent - INFO - 🔍 [VERILOG_AGENT] LLM响应长度: 1083
13:57:33 - Agent.enhanced_real_verilog_agent - INFO - 🔧 执行工具调用: write_file
13:57:33 - Agent.enhanced_real_verilog_agent - INFO - 🔄 参数映射: file_path -> filename
13:57:33 - Agent.enhanced_real_verilog_agent - INFO - 🎯 write_file 参数已标准化
13:57:33 - Agent.enhanced_real_verilog_agent - INFO - 📝 写入文件: C:\Users\84672\Documents\Research\V-Agent\experiments\design_counter_20250806_135637\reports\task_summary.md
13:57:33 - Agent.enhanced_real_verilog_agent - INFO - 🧪 使用任务上下文实验路径: C:\Users\84672\Documents\Research\V-Agent\experiments\design_counter_20250806_135637
13:57:33 - Agent.enhanced_real_verilog_agent - INFO - ✅ 文件已保存到实验目录并注册到管理器: C:\Users\84672\Documents\Research\V-Agent\experiments\design_counter_20250806_135637\reports\task_summary.md
13:57:33 - Agent.enhanced_real_verilog_agent - INFO - ✅ 工具执行成功: write_file
13:57:33 - Agent.enhanced_real_verilog_agent - INFO - 🔄 Function Calling 迭代 6/8
13:57:33 - Agent.enhanced_real_verilog_agent - INFO - 🔄 [VERILOG_AGENT] 准备LLM调用 - 对话历史长度: 12, assistant消息数: 5, 是否首次调用: False
13:57:33 - Agent.enhanced_real_verilog_agent - INFO - 🤖 [VERILOG_AGENT] 发起LLM调用 - 对话ID: enhanced_real_verilog_agent_task_1754459806
13:57:39 - Agent.enhanced_real_verilog_agent - INFO - 🔍 [VERILOG_AGENT] LLM响应长度: 762
13:57:39 - Agent.enhanced_real_verilog_agent - INFO - ✅ 任务完成，无需调用工具。最终对话历史: 13 条消息
13:57:39 - Agent.enhanced_real_verilog_agent - INFO - 🧠 开始自主任务继续评估...
13:57:39 - Agent.enhanced_real_verilog_agent - INFO - 🔄 自主继续迭代 1/3
13:57:39 - Agent.enhanced_real_verilog_agent - INFO - 🔄 [VERILOG_AGENT] 准备LLM调用 - 对话历史长度: 14, assistant消息数: 6, 是否首次调用: False
13:57:39 - Agent.enhanced_real_verilog_agent - INFO - 🤖 [VERILOG_AGENT] 发起LLM调用 - 对话ID: enhanced_real_verilog_agent_task_1754459806
13:57:42 - Agent.enhanced_real_verilog_agent - INFO - 🔍 [VERILOG_AGENT] LLM响应长度: 182
13:57:42 - Agent.enhanced_real_verilog_agent - INFO - 📋 自我评估结果: {'completion_rate': 90, 'quality_score': 85, 'needs_continuation': False, 'reason': '基于文本分析的评估结果', 'suggested_actions': []}
13:57:42 - Agent.enhanced_real_verilog_agent - INFO - ✅ 任务评估完成，无需继续: 基于文本分析的评估结果
13:57:42 - Agent.llm_coordinator_agent - INFO - ✅ 智能体 enhanced_real_verilog_agent 任务执行完成，耗时: 56.40秒
13:57:42 - Agent.llm_coordinator_agent - INFO - ✅ 工具执行成功: assign_task_to_agent
13:57:42 - Agent.llm_coordinator_agent - INFO - 🔄 Function Calling 迭代 4/6
13:57:42 - Agent.llm_coordinator_agent - INFO - 🔄 [COORDINATOR] 准备LLM调用 - 对话历史长度: 8, assistant消息数: 3, 是否首次调用: False
13:57:42 - Agent.llm_coordinator_agent - INFO - 🤖 [COORDINATOR] 发起LLM调用 - 对话ID: llm_coordinator_agent_exp_llm_coordinator_counter_1754459797
13:58:37 - Agent.llm_coordinator_agent - INFO - 🔍 [COORDINATOR] LLM响应长度: 9944
13:58:37 - Agent.llm_coordinator_agent - INFO - 🔧 执行工具调用: analyze_agent_result
13:58:37 - Agent.llm_coordinator_agent - INFO - 🔍 深度分析智能体 enhanced_real_verilog_agent 的执行结果
13:58:37 - Agent.llm_coordinator_agent - INFO - ✅ 工具执行成功: analyze_agent_result
13:58:37 - Agent.llm_coordinator_agent - INFO - 🔄 Function Calling 迭代 5/6
13:58:37 - Agent.llm_coordinator_agent - INFO - 🔄 [COORDINATOR] 准备LLM调用 - 对话历史长度: 10, assistant消息数: 4, 是否首次调用: False
13:58:37 - Agent.llm_coordinator_agent - INFO - 🤖 [COORDINATOR] 发起LLM调用 - 对话ID: llm_coordinator_agent_exp_llm_coordinator_counter_1754459797
13:58:41 - Agent.llm_coordinator_agent - INFO - 🔍 [COORDINATOR] LLM响应长度: 782
13:58:41 - Agent.llm_coordinator_agent - INFO - 🔧 执行工具调用: check_task_completion
13:58:41 - Agent.llm_coordinator_agent - INFO - 🎯 将列表格式的all_results转换为字典格式，包含1个结果
13:58:41 - Agent.llm_coordinator_agent - INFO - 🎯 性能指标计算中将列表格式的all_results转换为字典格式，包含1个结果
13:58:41 - Agent.llm_coordinator_agent - INFO - ✅ 工具执行成功: check_task_completion
13:58:41 - Agent.llm_coordinator_agent - INFO - 🔄 Function Calling 迭代 6/6
13:58:41 - Agent.llm_coordinator_agent - INFO - 🔄 [COORDINATOR] 准备LLM调用 - 对话历史长度: 12, assistant消息数: 5, 是否首次调用: False
13:58:41 - Agent.llm_coordinator_agent - INFO - 🤖 [COORDINATOR] 发起LLM调用 - 对话ID: llm_coordinator_agent_exp_llm_coordinator_counter_1754459797
13:58:44 - Agent.llm_coordinator_agent - INFO - 🔍 [COORDINATOR] LLM响应长度: 406
13:58:44 - Agent.llm_coordinator_agent - INFO - 🔧 执行工具调用: assign_task_to_agent
13:58:44 - Agent.llm_coordinator_agent - INFO - 🎯 分配任务给智能体: enhanced_real_code_review_agent
13:58:44 - Agent.llm_coordinator_agent - INFO - 📋 任务描述: 为counter模块生成测试台并进行验证...
13:58:44 - Agent.llm_coordinator_agent - INFO - 🧪 从活跃任务中获取实验路径: C:\Users\84672\Documents\Research\V-Agent\experiments\design_counter_20250806_135637
13:58:44 - Agent.llm_coordinator_agent - INFO - ✅ 设置任务实验路径: C:\Users\84672\Documents\Research\V-Agent\experiments\design_counter_20250806_135637
13:58:44 - Agent.llm_coordinator_agent - INFO - 🧪 使用任务上下文中的实验路径: C:\Users\84672\Documents\Research\V-Agent\experiments\design_counter_20250806_135637
13:58:44 - Agent.llm_coordinator_agent - INFO - 📤 发送任务给智能体 enhanced_real_code_review_agent
13:58:44 - Agent.llm_coordinator_agent - INFO - 📋 任务描述: 
📋 协调智能体分配的任务

**任务描述**:
为counter模块生成测试台并进行验证

**期望输出**:
生成完整的Verilog测试台文件和验证报告

**任务类型**:
- 类型: verification
- 优先级: medium

**任务上下文**:
- 任务ID: task_1754459924
- 当前阶段: assigned_to_enhanced_real_code_r...
13:58:44 - Agent.llm_coordinator_agent - INFO - 📋 调用前 agent 对话状态: {'conversation_id': None, 'message_count': 0, 'conversation_duration': 0, 'system_prompt_length': 7918, 'last_message_time': None, 'agent_id': 'enhanced_real_code_review_agent', 'role': 'code_reviewer'}
13:58:44 - Agent.enhanced_real_code_review_agent - INFO - 🔗 设置任务上下文: task_1754459924
13:58:44 - Agent.llm_coordinator_agent - INFO - 🔗 已设置任务上下文给智能体 enhanced_real_code_review_agent
13:58:44 - Agent.enhanced_real_code_review_agent - INFO - 🚀 开始Function Calling处理: 
📋 协调智能体分配的任务

**任务描述**:
为counter模块生成测试台并进行验证

**期望输出**:
生成完整的Verilog测试台文件和验证报告

**任务类型**:
- 类型: ver...
13:58:44 - Agent.enhanced_real_code_review_agent - INFO - 🔄 自主继续模式: 启用
13:58:44 - Agent.enhanced_real_code_review_agent - INFO - 🔗 智能体独立对话ID: enhanced_real_code_review_agent_task_1754459924 (原始ID: task_1754459924)
13:58:44 - Agent.enhanced_real_code_review_agent - INFO - 🆕 创建新的对话历史
13:58:44 - Agent.enhanced_real_code_review_agent - INFO - 📊 对话统计: 总消息数=2, 对话时长=0.0秒
13:58:44 - Agent.enhanced_real_code_review_agent - INFO - 🔄 Function Calling 迭代 1/8
13:58:44 - Agent.enhanced_real_code_review_agent - INFO - 🔄 [CODE_REVIEWER] 准备LLM调用 - 对话历史长度: 2, assistant消息数: 0, 是否首次调用: True
13:58:44 - Agent.enhanced_real_code_review_agent - INFO - 🤖 [CODE_REVIEWER] 发起LLM调用 - 对话ID: enhanced_real_code_review_agent_task_1754459924
13:58:48 - Agent.enhanced_real_code_review_agent - INFO - 🔍 [CODE_REVIEWER] LLM响应长度: 813
13:58:48 - Agent.enhanced_real_code_review_agent - INFO - 🔧 执行工具调用: generate_testbench
13:58:48 - Agent.enhanced_real_code_review_agent - INFO - 🧪 生成测试台: counter
13:59:12 - Agent.enhanced_real_code_review_agent - INFO - 📝 写入文件: counter.v
13:59:12 - Agent.enhanced_real_code_review_agent - INFO - 🧪 使用任务上下文实验路径: C:\Users\84672\Documents\Research\V-Agent\experiments\design_counter_20250806_135637
13:59:12 - Agent.enhanced_real_code_review_agent - INFO - 🧹 使用智能代码提取处理Verilog文件
13:59:12 - Agent.enhanced_real_code_review_agent - INFO - 🔍 开始提取Verilog代码，原始内容长度: 241
13:59:12 - Agent.enhanced_real_code_review_agent - INFO - 🔍 未找到代码块，尝试提取module声明
13:59:12 - Agent.enhanced_real_code_review_agent - INFO - ✅ 找到 1 个module声明
13:59:12 - Agent.enhanced_real_code_review_agent - INFO - ✅ module 1 验证通过，长度: 241
13:59:12 - Agent.enhanced_real_code_review_agent - INFO - ✅ 成功提取Verilog代码，长度: 241
13:59:12 - Agent.enhanced_real_code_review_agent - INFO - 🧹 Verilog代码提取成功：长度 241 字符
13:59:12 - Agent.enhanced_real_code_review_agent - INFO - ✅ 文件已保存到实验目录并注册到管理器: C:\Users\84672\Documents\Research\V-Agent\experiments\design_counter_20250806_135637\designs\counter.v
13:59:12 - Agent.enhanced_real_code_review_agent - INFO - ✅ 设计代码已保存: counter.v
13:59:12 - Agent.enhanced_real_code_review_agent - INFO - 📝 写入文件: testbench_counter.v
13:59:12 - Agent.enhanced_real_code_review_agent - INFO - 🧪 使用任务上下文实验路径: C:\Users\84672\Documents\Research\V-Agent\experiments\design_counter_20250806_135637
13:59:12 - Agent.enhanced_real_code_review_agent - INFO - 🧹 使用智能代码提取处理Verilog文件
13:59:12 - Agent.enhanced_real_code_review_agent - INFO - 🔍 开始提取Verilog代码，原始内容长度: 4781
13:59:12 - Agent.enhanced_real_code_review_agent - INFO - ✅ 找到 1 个Verilog代码块
13:59:12 - Agent.enhanced_real_code_review_agent - INFO - ✅ 代码块 1 验证通过，长度: 4097
13:59:12 - Agent.enhanced_real_code_review_agent - INFO - ✅ 成功提取Verilog代码，长度: 4097
13:59:12 - Agent.enhanced_real_code_review_agent - INFO - 🧹 Verilog代码提取成功：长度 4097 字符
13:59:12 - Agent.enhanced_real_code_review_agent - INFO - 🧹 内容已清理：4781 -> 4097 字符
13:59:12 - Agent.enhanced_real_code_review_agent - INFO - ✅ 文件已保存到实验目录并注册到管理器: C:\Users\84672\Documents\Research\V-Agent\experiments\design_counter_20250806_135637\testbenches\testbench_counter.v
13:59:12 - Agent.enhanced_real_code_review_agent - INFO - ✅ 工具执行成功: generate_testbench
13:59:12 - Agent.enhanced_real_code_review_agent - INFO - 🔄 Function Calling 迭代 2/8
13:59:12 - Agent.enhanced_real_code_review_agent - INFO - 🔄 [CODE_REVIEWER] 准备LLM调用 - 对话历史长度: 4, assistant消息数: 1, 是否首次调用: False
13:59:12 - Agent.enhanced_real_code_review_agent - INFO - 🤖 [CODE_REVIEWER] 发起LLM调用 - 对话ID: enhanced_real_code_review_agent_task_1754459924
13:59:30 - Agent.enhanced_real_code_review_agent - INFO - 🔍 [CODE_REVIEWER] LLM响应长度: 2276
13:59:30 - Agent.enhanced_real_code_review_agent - INFO - ✅ 任务完成，无需调用工具。最终对话历史: 5 条消息
13:59:30 - Agent.enhanced_real_code_review_agent - INFO - 🧠 开始自主任务继续评估...
13:59:30 - Agent.enhanced_real_code_review_agent - INFO - 🔄 自主继续迭代 1/3
13:59:30 - Agent.enhanced_real_code_review_agent - INFO - 🔄 [CODE_REVIEWER] 准备LLM调用 - 对话历史长度: 6, assistant消息数: 2, 是否首次调用: False
13:59:30 - Agent.enhanced_real_code_review_agent - INFO - 🤖 [CODE_REVIEWER] 发起LLM调用 - 对话ID: enhanced_real_code_review_agent_task_1754459924
13:59:32 - Agent.enhanced_real_code_review_agent - INFO - 🔍 [CODE_REVIEWER] LLM响应长度: 169
13:59:32 - Agent.enhanced_real_code_review_agent - WARNING - ⚠️ 缺少必需的工具调用: ['run_simulation', 'write_file']
13:59:32 - Agent.enhanced_real_code_review_agent - WARNING - ⚠️ 工具调用验证失败: 缺少必需的工具调用: run_simulation, write_file
13:59:32 - Agent.enhanced_real_code_review_agent - INFO - 📋 自我评估结果: {'needs_continuation': True, 'reason': '缺少必需的工具调用: run_simulation, write_file', 'suggested_actions': ['调用必需工具: run_simulation', '调用必需工具: write_file']}
13:59:32 - Agent.enhanced_real_code_review_agent - INFO - 🔄 决定继续执行任务: 缺少必需的工具调用: run_simulation, write_file
13:59:32 - Agent.enhanced_real_code_review_agent - INFO - 🔄 Function Calling 迭代 1/8
13:59:32 - Agent.enhanced_real_code_review_agent - INFO - 🔄 [CODE_REVIEWER] 准备LLM调用 - 对话历史长度: 8, assistant消息数: 3, 是否首次调用: False
13:59:32 - Agent.enhanced_real_code_review_agent - INFO - 🤖 [CODE_REVIEWER] 发起LLM调用 - 对话ID: enhanced_real_code_review_agent_task_1754459924
13:59:32 - LLMClient-dashscope - WARNING - ⚠️ 连接错误 (尝试 1/3): 403, message='{"error":{"code":"AllocationQuota.FreeTierOnly","param":null,"message":"The free tier of the model has been exhausted. If you wish to continue access the model on a paid basis, please disable the \\"use free tier only\\" mode in the management console.","type":"AllocationQuota.FreeTierOnly"},"id":"chatcmpl-d0cee41d-8ec5-9485-a85a-ee1eadd65f6e","request_id":"d0cee41d-8ec5-9485-a85a-ee1eadd65f6e"}', url='https://dashscope.aliyuncs.com/compatible-mode/v1/chat/completions'
13:59:33 - LLMClient-dashscope - WARNING - ⚠️ 连接错误 (尝试 2/3): 403, message='{"error":{"code":"AllocationQuota.FreeTierOnly","param":null,"message":"The free tier of the model has been exhausted. If you wish to continue access the model on a paid basis, please disable the \\"use free tier only\\" mode in the management console.","type":"AllocationQuota.FreeTierOnly"},"id":"chatcmpl-4cc73640-9083-963c-bb47-48a5f132af37","request_id":"4cc73640-9083-963c-bb47-48a5f132af37"}', url='https://dashscope.aliyuncs.com/compatible-mode/v1/chat/completions'
13:59:35 - LLMClient-dashscope - WARNING - ⚠️ 连接错误 (尝试 3/3): 403, message='{"error":{"code":"AllocationQuota.FreeTierOnly","param":null,"message":"The free tier of the model has been exhausted. If you wish to continue access the model on a paid basis, please disable the \\"use free tier only\\" mode in the management console.","type":"AllocationQuota.FreeTierOnly"},"id":"chatcmpl-106d3beb-2d19-9d07-a0c5-4df06d5e4ad3","request_id":"106d3beb-2d19-9d07-a0c5-4df06d5e4ad3"}', url='https://dashscope.aliyuncs.com/compatible-mode/v1/chat/completions'
13:59:35 - LLMClient-dashscope - ERROR - ❌ LLM请求失败，已重试 3 次。最后错误: 403, message='{"error":{"code":"AllocationQuota.FreeTierOnly","param":null,"message":"The free tier of the model has been exhausted. If you wish to continue access the model on a paid basis, please disable the \\"use free tier only\\" mode in the management console.","type":"AllocationQuota.FreeTierOnly"},"id":"chatcmpl-106d3beb-2d19-9d07-a0c5-4df06d5e4ad3","request_id":"106d3beb-2d19-9d07-a0c5-4df06d5e4ad3"}', url='https://dashscope.aliyuncs.com/compatible-mode/v1/chat/completions'
13:59:35 - OptimizedLLMClient-dashscope - ERROR - ❌ 优化请求失败: LLM请求失败，已重试 3 次。最后错误: 403, message='{"error":{"code":"AllocationQuota.FreeTierOnly","param":null,"message":"The free tier of the model has been exhausted. If you wish to continue access the model on a paid basis, please disable the \\"use free tier only\\" mode in the management console.","type":"AllocationQuota.FreeTierOnly"},"id":"chatcmpl-106d3beb-2d19-9d07-a0c5-4df06d5e4ad3","request_id":"106d3beb-2d19-9d07-a0c5-4df06d5e4ad3"}', url='https://dashscope.aliyuncs.com/compatible-mode/v1/chat/completions'
13:59:35 - Agent.enhanced_real_code_review_agent - ERROR - ❌ 优化LLM调用失败: LLM请求失败，已重试 3 次。最后错误: 403, message='{"error":{"code":"AllocationQuota.FreeTierOnly","param":null,"message":"The free tier of the model has been exhausted. If you wish to continue access the model on a paid basis, please disable the \\"use free tier only\\" mode in the management console.","type":"AllocationQuota.FreeTierOnly"},"id":"chatcmpl-106d3beb-2d19-9d07-a0c5-4df06d5e4ad3","request_id":"106d3beb-2d19-9d07-a0c5-4df06d5e4ad3"}', url='https://dashscope.aliyuncs.com/compatible-mode/v1/chat/completions'
13:59:35 - Agent.enhanced_real_code_review_agent - WARNING - ⚠️ 回退到传统LLM调用方式
13:59:36 - LLMClient-dashscope - WARNING - ⚠️ 连接错误 (尝试 1/3): 429, message='{"error":{"message":"You exceeded your current requests list.","type":"limit_requests","param":null,"code":"limit_requests"},"request_id":"07464183-3ee5-9440-9e5a-ec424fdd724b"}', url='https://dashscope.aliyuncs.com/compatible-mode/v1/chat/completions'
13:59:37 - LLMClient-dashscope - WARNING - ⚠️ 连接错误 (尝试 2/3): 403, message='{"error":{"code":"AllocationQuota.FreeTierOnly","param":null,"message":"The free tier of the model has been exhausted. If you wish to continue access the model on a paid basis, please disable the \\"use free tier only\\" mode in the management console.","type":"AllocationQuota.FreeTierOnly"},"id":"chatcmpl-5aadacca-8648-9de5-a529-42165b189ffc","request_id":"5aadacca-8648-9de5-a529-42165b189ffc"}', url='https://dashscope.aliyuncs.com/compatible-mode/v1/chat/completions'
13:59:39 - LLMClient-dashscope - WARNING - ⚠️ 连接错误 (尝试 3/3): 403, message='{"error":{"code":"AllocationQuota.FreeTierOnly","param":null,"message":"The free tier of the model has been exhausted. If you wish to continue access the model on a paid basis, please disable the \\"use free tier only\\" mode in the management console.","type":"AllocationQuota.FreeTierOnly"},"id":"chatcmpl-39ff2c65-965f-95b4-afa2-c7749916ebdb","request_id":"39ff2c65-965f-95b4-afa2-c7749916ebdb"}', url='https://dashscope.aliyuncs.com/compatible-mode/v1/chat/completions'
13:59:39 - LLMClient-dashscope - ERROR - ❌ LLM请求失败，已重试 3 次。最后错误: 403, message='{"error":{"code":"AllocationQuota.FreeTierOnly","param":null,"message":"The free tier of the model has been exhausted. If you wish to continue access the model on a paid basis, please disable the \\"use free tier only\\" mode in the management console.","type":"AllocationQuota.FreeTierOnly"},"id":"chatcmpl-39ff2c65-965f-95b4-afa2-c7749916ebdb","request_id":"39ff2c65-965f-95b4-afa2-c7749916ebdb"}', url='https://dashscope.aliyuncs.com/compatible-mode/v1/chat/completions'
13:59:39 - Agent.enhanced_real_code_review_agent - ERROR - ❌ 传统LLM调用失败: LLM请求失败，已重试 3 次。最后错误: 403, message='{"error":{"code":"AllocationQuota.FreeTierOnly","param":null,"message":"The free tier of the model has been exhausted. If you wish to continue access the model on a paid basis, please disable the \\"use free tier only\\" mode in the management console.","type":"AllocationQuota.FreeTierOnly"},"id":"chatcmpl-39ff2c65-965f-95b4-afa2-c7749916ebdb","request_id":"39ff2c65-965f-95b4-afa2-c7749916ebdb"}', url='https://dashscope.aliyuncs.com/compatible-mode/v1/chat/completions'
13:59:39 - Agent.enhanced_real_code_review_agent - ERROR - ❌ Function Calling迭代失败: LLM请求失败，已重试 3 次。最后错误: 403, message='{"error":{"code":"AllocationQuota.FreeTierOnly","param":null,"message":"The free tier of the model has been exhausted. If you wish to continue access the model on a paid basis, please disable the \\"use free tier only\\" mode in the management console.","type":"AllocationQuota.FreeTierOnly"},"id":"chatcmpl-39ff2c65-965f-95b4-afa2-c7749916ebdb","request_id":"39ff2c65-965f-95b4-afa2-c7749916ebdb"}', url='https://dashscope.aliyuncs.com/compatible-mode/v1/chat/completions'
13:59:39 - Agent.enhanced_real_code_review_agent - INFO - 🔄 自主继续迭代 2/3
13:59:39 - Agent.enhanced_real_code_review_agent - INFO - 🔄 [CODE_REVIEWER] 准备LLM调用 - 对话历史长度: 9, assistant消息数: 3, 是否首次调用: False
13:59:39 - Agent.enhanced_real_code_review_agent - INFO - 🤖 [CODE_REVIEWER] 发起LLM调用 - 对话ID: enhanced_real_code_review_agent_task_1754459924
13:59:39 - LLMClient-dashscope - WARNING - ⚠️ 连接错误 (尝试 1/3): 429, message='{"error":{"message":"You exceeded your current requests list.","type":"limit_requests","param":null,"code":"limit_requests"},"request_id":"6ae6d226-20cb-9646-ae23-fc65ab4c3e6a"}', url='https://dashscope.aliyuncs.com/compatible-mode/v1/chat/completions'
13:59:40 - LLMClient-dashscope - WARNING - ⚠️ 连接错误 (尝试 2/3): 403, message='{"error":{"code":"AllocationQuota.FreeTierOnly","param":null,"message":"The free tier of the model has been exhausted. If you wish to continue access the model on a paid basis, please disable the \\"use free tier only\\" mode in the management console.","type":"AllocationQuota.FreeTierOnly"},"id":"chatcmpl-a9706e85-79f7-938a-8334-e03b6d106bf0","request_id":"a9706e85-79f7-938a-8334-e03b6d106bf0"}', url='https://dashscope.aliyuncs.com/compatible-mode/v1/chat/completions'
13:59:42 - LLMClient-dashscope - WARNING - ⚠️ 连接错误 (尝试 3/3): 403, message='{"error":{"code":"AllocationQuota.FreeTierOnly","param":null,"message":"The free tier of the model has been exhausted. If you wish to continue access the model on a paid basis, please disable the \\"use free tier only\\" mode in the management console.","type":"AllocationQuota.FreeTierOnly"},"id":"chatcmpl-d4f6cb8d-b888-9a8a-b749-b3ab01b9f287","request_id":"d4f6cb8d-b888-9a8a-b749-b3ab01b9f287"}', url='https://dashscope.aliyuncs.com/compatible-mode/v1/chat/completions'
13:59:42 - LLMClient-dashscope - ERROR - ❌ LLM请求失败，已重试 3 次。最后错误: 403, message='{"error":{"code":"AllocationQuota.FreeTierOnly","param":null,"message":"The free tier of the model has been exhausted. If you wish to continue access the model on a paid basis, please disable the \\"use free tier only\\" mode in the management console.","type":"AllocationQuota.FreeTierOnly"},"id":"chatcmpl-d4f6cb8d-b888-9a8a-b749-b3ab01b9f287","request_id":"d4f6cb8d-b888-9a8a-b749-b3ab01b9f287"}', url='https://dashscope.aliyuncs.com/compatible-mode/v1/chat/completions'
13:59:42 - OptimizedLLMClient-dashscope - ERROR - ❌ 优化请求失败: LLM请求失败，已重试 3 次。最后错误: 403, message='{"error":{"code":"AllocationQuota.FreeTierOnly","param":null,"message":"The free tier of the model has been exhausted. If you wish to continue access the model on a paid basis, please disable the \\"use free tier only\\" mode in the management console.","type":"AllocationQuota.FreeTierOnly"},"id":"chatcmpl-d4f6cb8d-b888-9a8a-b749-b3ab01b9f287","request_id":"d4f6cb8d-b888-9a8a-b749-b3ab01b9f287"}', url='https://dashscope.aliyuncs.com/compatible-mode/v1/chat/completions'
13:59:42 - Agent.enhanced_real_code_review_agent - ERROR - ❌ 优化LLM调用失败: LLM请求失败，已重试 3 次。最后错误: 403, message='{"error":{"code":"AllocationQuota.FreeTierOnly","param":null,"message":"The free tier of the model has been exhausted. If you wish to continue access the model on a paid basis, please disable the \\"use free tier only\\" mode in the management console.","type":"AllocationQuota.FreeTierOnly"},"id":"chatcmpl-d4f6cb8d-b888-9a8a-b749-b3ab01b9f287","request_id":"d4f6cb8d-b888-9a8a-b749-b3ab01b9f287"}', url='https://dashscope.aliyuncs.com/compatible-mode/v1/chat/completions'
13:59:42 - Agent.enhanced_real_code_review_agent - WARNING - ⚠️ 回退到传统LLM调用方式
13:59:42 - LLMClient-dashscope - WARNING - ⚠️ 连接错误 (尝试 1/3): 429, message='{"error":{"message":"You exceeded your current requests list.","type":"limit_requests","param":null,"code":"limit_requests"},"request_id":"c6fa5f2c-bdcd-91b3-beac-18e6b9544988"}', url='https://dashscope.aliyuncs.com/compatible-mode/v1/chat/completions'
13:59:43 - LLMClient-dashscope - WARNING - ⚠️ 连接错误 (尝试 2/3): 403, message='{"error":{"code":"AllocationQuota.FreeTierOnly","param":null,"message":"The free tier of the model has been exhausted. If you wish to continue access the model on a paid basis, please disable the \\"use free tier only\\" mode in the management console.","type":"AllocationQuota.FreeTierOnly"},"id":"chatcmpl-01820394-cc4f-904b-bd03-f4a8e3be7480","request_id":"01820394-cc4f-904b-bd03-f4a8e3be7480"}', url='https://dashscope.aliyuncs.com/compatible-mode/v1/chat/completions'
13:59:46 - LLMClient-dashscope - WARNING - ⚠️ 连接错误 (尝试 3/3): 403, message='{"error":{"code":"AllocationQuota.FreeTierOnly","param":null,"message":"The free tier of the model has been exhausted. If you wish to continue access the model on a paid basis, please disable the \\"use free tier only\\" mode in the management console.","type":"AllocationQuota.FreeTierOnly"},"id":"chatcmpl-ff5ac974-73bb-9055-87ec-27a9dd55a30c","request_id":"ff5ac974-73bb-9055-87ec-27a9dd55a30c"}', url='https://dashscope.aliyuncs.com/compatible-mode/v1/chat/completions'
13:59:46 - LLMClient-dashscope - ERROR - ❌ LLM请求失败，已重试 3 次。最后错误: 403, message='{"error":{"code":"AllocationQuota.FreeTierOnly","param":null,"message":"The free tier of the model has been exhausted. If you wish to continue access the model on a paid basis, please disable the \\"use free tier only\\" mode in the management console.","type":"AllocationQuota.FreeTierOnly"},"id":"chatcmpl-ff5ac974-73bb-9055-87ec-27a9dd55a30c","request_id":"ff5ac974-73bb-9055-87ec-27a9dd55a30c"}', url='https://dashscope.aliyuncs.com/compatible-mode/v1/chat/completions'
13:59:46 - Agent.enhanced_real_code_review_agent - ERROR - ❌ 传统LLM调用失败: LLM请求失败，已重试 3 次。最后错误: 403, message='{"error":{"code":"AllocationQuota.FreeTierOnly","param":null,"message":"The free tier of the model has been exhausted. If you wish to continue access the model on a paid basis, please disable the \\"use free tier only\\" mode in the management console.","type":"AllocationQuota.FreeTierOnly"},"id":"chatcmpl-ff5ac974-73bb-9055-87ec-27a9dd55a30c","request_id":"ff5ac974-73bb-9055-87ec-27a9dd55a30c"}', url='https://dashscope.aliyuncs.com/compatible-mode/v1/chat/completions'
13:59:46 - Agent.enhanced_real_code_review_agent - ERROR - ❌ 自主继续迭代失败: LLM请求失败，已重试 3 次。最后错误: 403, message='{"error":{"code":"AllocationQuota.FreeTierOnly","param":null,"message":"The free tier of the model has been exhausted. If you wish to continue access the model on a paid basis, please disable the \\"use free tier only\\" mode in the management console.","type":"AllocationQuota.FreeTierOnly"},"id":"chatcmpl-ff5ac974-73bb-9055-87ec-27a9dd55a30c","request_id":"ff5ac974-73bb-9055-87ec-27a9dd55a30c"}', url='https://dashscope.aliyuncs.com/compatible-mode/v1/chat/completions'
13:59:46 - Agent.llm_coordinator_agent - INFO - ✅ 智能体 enhanced_real_code_review_agent 任务执行完成，耗时: 61.56秒
13:59:46 - Agent.llm_coordinator_agent - INFO - ✅ 工具执行成功: assign_task_to_agent
13:59:46 - Agent.llm_coordinator_agent - INFO - 🔄 [COORDINATOR] 准备LLM调用 - 对话历史长度: 14, assistant消息数: 6, 是否首次调用: False
13:59:46 - Agent.llm_coordinator_agent - INFO - 🤖 [COORDINATOR] 发起LLM调用 - 对话ID: llm_coordinator_agent_exp_llm_coordinator_counter_1754459797
13:59:46 - LLMClient-dashscope - WARNING - ⚠️ 连接错误 (尝试 1/3): 429, message='{"error":{"message":"You exceeded your current requests list.","type":"limit_requests","param":null,"code":"limit_requests"},"request_id":"a1e0d38b-3de3-9390-9ae4-9219d54b7a0d"}', url='https://dashscope.aliyuncs.com/compatible-mode/v1/chat/completions'
Traceback (most recent call last):
  File "C:\Users\84672\Documents\Research\V-Agent\llm_integration\enhanced_llm_client.py", line 479, in send_prompt
    response_content = await self._send_openai_compatible_request(
                       ^^^^^^^^^^^^^^^^^^^^^^^^^^^^^^^^^^^^^^^^^^^
        session, prompt, system_prompt, temperature, max_tokens, json_mode)
        ^^^^^^^^^^^^^^^^^^^^^^^^^^^^^^^^^^^^^^^^^^^^^^^^^^^^^^^^^^^^^^^^^^^
  File "C:\Users\84672\Documents\Research\V-Agent\llm_integration\enhanced_llm_client.py", line 555, in _send_openai_compatible_request
    raise aiohttp.ClientResponseError(
    ...<4 lines>...
    )
aiohttp.client_exceptions.ClientResponseError: 429, message='{"error":{"message":"You exceeded your current requests list.","type":"limit_requests","param":null,"code":"limit_requests"},"request_id":"a1e0d38b-3de3-9390-9ae4-9219d54b7a0d"}', url='https://dashscope.aliyuncs.com/compatible-mode/v1/chat/completions'

During handling of the above exception, another exception occurred:

Traceback (most recent call last):
  File "C:\Python313\Lib\asyncio\runners.py", line 118, in run
    return self._loop.run_until_complete(task)
           ~~~~~~~~~~~~~~~~~~~~~~~~~~~~~^^^^^^
  File "C:\Python313\Lib\asyncio\base_events.py", line 719, in run_until_complete
    return future.result()
           ~~~~~~~~~~~~~^^
  File "C:\Users\84672\Documents\Research\V-Agent\test_llm_coordinator_enhanced.py", line 622, in main
    result = await experiment.run_experiment()
             ^^^^^^^^^^^^^^^^^^^^^^^^^^^^^^^^^
  File "C:\Users\84672\Documents\Research\V-Agent\test_llm_coordinator_enhanced.py", line 325, in run_experiment
    result = await self.coordinator.coordinate_task(
             ^^^^^^^^^^^^^^^^^^^^^^^^^^^^^^^^^^^^^^^
    ...<4 lines>...
    )
    ^
  File "C:\Users\84672\Documents\Research\V-Agent\core\llm_coordinator_agent.py", line 885, in coordinate_task
    result = await self.process_with_function_calling(
             ^^^^^^^^^^^^^^^^^^^^^^^^^^^^^^^^^^^^^^^^^
    ...<6 lines>...
    )
    ^
  File "C:\Users\84672\Documents\Research\V-Agent\core\base_agent.py", line 342, in process_with_function_calling
    initial_result = await self._execute_single_task_cycle(conversation, user_request, max_iterations)
                     ^^^^^^^^^^^^^^^^^^^^^^^^^^^^^^^^^^^^^^^^^^^^^^^^^^^^^^^^^^^^^^^^^^^^^^^^^^^^^^^^^
  File "C:\Users\84672\Documents\Research\V-Agent\core\base_agent.py", line 554, in _execute_single_task_cycle
    final_response = await self._call_llm_for_function_calling(conversation)
                     ^^^^^^^^^^^^^^^^^^^^^^^^^^^^^^^^^^^^^^^^^^^^^^^^^^^^^^^
  File "C:\Users\84672\Documents\Research\V-Agent\core\llm_coordinator_agent.py", line 3953, in _call_llm_for_function_calling
    response = await self.llm_client.send_prompt_optimized(
               ^^^^^^^^^^^^^^^^^^^^^^^^^^^^^^^^^^^^^^^^^^^^
    ...<6 lines>...
    )
    ^
  File "C:\Users\84672\Documents\Research\V-Agent\llm_integration\enhanced_llm_client.py", line 627, in send_prompt_optimized
    return await self.optimized_client.send_prompt_optimized(
           ^^^^^^^^^^^^^^^^^^^^^^^^^^^^^^^^^^^^^^^^^^^^^^^^^^
    ...<2 lines>...
    )
    ^
  File "C:\Users\84672\Documents\Research\V-Agent\llm_integration\enhanced_llm_client.py", line 316, in send_prompt_optimized
    response = await self._send_prompt_internal(messages, temperature, max_tokens, json_mode)
               ^^^^^^^^^^^^^^^^^^^^^^^^^^^^^^^^^^^^^^^^^^^^^^^^^^^^^^^^^^^^^^^^^^^^^^^^^^^^^^
  File "C:\Users\84672\Documents\Research\V-Agent\llm_integration\enhanced_llm_client.py", line 354, in _send_prompt_internal
    return await self._send_prompt_direct(user_prompt.strip(), system_prompt,
           ^^^^^^^^^^^^^^^^^^^^^^^^^^^^^^^^^^^^^^^^^^^^^^^^^^^^^^^^^^^^^^^^^^
                                        temperature, max_tokens, json_mode)
                                        ^^^^^^^^^^^^^^^^^^^^^^^^^^^^^^^^^^^
  File "C:\Users\84672\Documents\Research\V-Agent\llm_integration\enhanced_llm_client.py", line 365, in _send_prompt_direct
    return await self.parent_client.send_prompt(
           ^^^^^^^^^^^^^^^^^^^^^^^^^^^^^^^^^^^^^
        prompt, system_prompt, temperature, max_tokens, json_mode
        ^^^^^^^^^^^^^^^^^^^^^^^^^^^^^^^^^^^^^^^^^^^^^^^^^^^^^^^^^
    )
    ^
  File "C:\Users\84672\Documents\Research\V-Agent\llm_integration\enhanced_llm_client.py", line 505, in send_prompt
    await asyncio.sleep(delay)
  File "C:\Python313\Lib\asyncio\tasks.py", line 718, in sleep
    return await future
           ^^^^^^^^^^^^
asyncio.exceptions.CancelledError

During handling of the above exception, another exception occurred:

Traceback (most recent call last):
  File "C:\Users\84672\Documents\Research\V-Agent\test_llm_coordinator_enhanced.py", line 641, in <module>
    exit_code = asyncio.run(main())
  File "C:\Python313\Lib\asyncio\runners.py", line 195, in run
    return runner.run(main)
           ~~~~~~~~~~^^^^^^
  File "C:\Python313\Lib\asyncio\runners.py", line 123, in run
    raise KeyboardInterrupt()
KeyboardInterrupt
^C