13:56:37 - Agent.llm_coordinator_agent - INFO - âœ… æ³¨å†Œæ™ºèƒ½ä½“: enhanced_real_verilog_agent (é›†æˆSchemaéªŒè¯çš„å¢å¼ºVerilog HDLè®¾è®¡æ™ºèƒ½ä½“ï¼Œæä¾›ä¸¥æ ¼å‚æ•°éªŒè¯å’Œæ™ºèƒ½é”™è¯¯ä¿®å¤çš„ä¸“ä¸šæ•°å­—ç”µè·¯è®¾è®¡æœåŠ¡)
13:56:37 - Agent.llm_coordinator_agent - INFO - âœ… æ³¨å†Œæ™ºèƒ½ä½“: enhanced_real_code_review_agent (é›†æˆSchemaéªŒè¯çš„å¢å¼ºä»£ç å®¡æŸ¥æ™ºèƒ½ä½“ï¼Œæä¾›ä¸¥æ ¼å‚æ•°éªŒè¯å’Œæ™ºèƒ½é”™è¯¯ä¿®å¤çš„ä¸“ä¸šç¡¬ä»¶éªŒè¯æœåŠ¡)
13:56:37 - Agent.llm_coordinator_agent - INFO - ğŸš€ å¼€å§‹åè°ƒä»»åŠ¡: 
è¯·è®¾è®¡ä¸€ä¸ªåä¸º counter çš„Verilogæ¨¡å—ã€‚

**åŸºæœ¬è¦æ±‚**ï¼š
1. ç”Ÿæˆå®Œæ•´ã€å¯ç¼–è¯‘çš„Verilogä»£ç 
2. åŒ…å«é€‚å½“çš„ç«¯å£å®šä¹‰å’ŒåŠŸèƒ½å®ç°
3. ç¬¦åˆVerilogæ ‡å‡†è¯­æ³•
4. ...
13:56:37 - Agent.llm_coordinator_agent - INFO - ğŸš€ å¼€å§‹Function Callingå¤„ç†: 
ğŸ§  åè°ƒä»»åŠ¡

**ç”¨æˆ·éœ€æ±‚**:

è¯·è®¾è®¡ä¸€ä¸ªåä¸º counter çš„Verilogæ¨¡å—ã€‚

**åŸºæœ¬è¦æ±‚**ï¼š
1. ç”Ÿæˆå®Œæ•´ã€å¯ç¼–è¯‘çš„Verilogä»£ç 
2. åŒ…å«é€‚å½“çš„ç«¯å£å®šä¹‰å’ŒåŠŸèƒ½å®ç°
3...
13:56:37 - Agent.llm_coordinator_agent - INFO - ğŸ”„ è‡ªä¸»ç»§ç»­æ¨¡å¼: å¯ç”¨
13:56:37 - Agent.llm_coordinator_agent - INFO - ğŸ”— æ™ºèƒ½ä½“ç‹¬ç«‹å¯¹è¯ID: llm_coordinator_agent_exp_llm_coordinator_counter_1754459797 (åŸå§‹ID: exp_llm_coordinator_counter_1754459797)
13:56:37 - Agent.llm_coordinator_agent - INFO - ğŸ†• åˆ›å»ºæ–°çš„å¯¹è¯å†å²
13:56:37 - Agent.llm_coordinator_agent - INFO - ğŸ“Š å¯¹è¯ç»Ÿè®¡: æ€»æ¶ˆæ¯æ•°=2, å¯¹è¯æ—¶é•¿=0.0ç§’
13:56:37 - Agent.llm_coordinator_agent - INFO - ğŸ”„ Function Calling è¿­ä»£ 1/6
13:56:37 - Agent.llm_coordinator_agent - INFO - ğŸ”„ [COORDINATOR] å‡†å¤‡LLMè°ƒç”¨ - å¯¹è¯å†å²é•¿åº¦: 2, assistantæ¶ˆæ¯æ•°: 0, æ˜¯å¦é¦–æ¬¡è°ƒç”¨: True
13:56:37 - Agent.llm_coordinator_agent - INFO - ğŸ¤– [COORDINATOR] å‘èµ·LLMè°ƒç”¨ - å¯¹è¯ID: llm_coordinator_agent_exp_llm_coordinator_counter_1754459797
13:56:39 - Agent.llm_coordinator_agent - INFO - ğŸ” [COORDINATOR] LLMå“åº”é•¿åº¦: 229
13:56:39 - Agent.llm_coordinator_agent - INFO - ğŸ”§ æ‰§è¡Œå·¥å…·è°ƒç”¨: identify_task_type
13:56:39 - Agent.llm_coordinator_agent - INFO - ğŸ” è¯†åˆ«ä»»åŠ¡ç±»å‹: è®¾è®¡ä¸€ä¸ªåä¸º counter çš„Verilogæ¨¡å—...
13:56:41 - Agent.llm_coordinator_agent - INFO - âœ… å·¥å…·æ‰§è¡ŒæˆåŠŸ: identify_task_type
13:56:41 - Agent.llm_coordinator_agent - INFO - ğŸ”„ Function Calling è¿­ä»£ 2/6
13:56:41 - Agent.llm_coordinator_agent - INFO - ğŸ”„ [COORDINATOR] å‡†å¤‡LLMè°ƒç”¨ - å¯¹è¯å†å²é•¿åº¦: 4, assistantæ¶ˆæ¯æ•°: 1, æ˜¯å¦é¦–æ¬¡è°ƒç”¨: False
13:56:41 - Agent.llm_coordinator_agent - INFO - ğŸ¤– [COORDINATOR] å‘èµ·LLMè°ƒç”¨ - å¯¹è¯ID: llm_coordinator_agent_exp_llm_coordinator_counter_1754459797
13:56:43 - Agent.llm_coordinator_agent - INFO - ğŸ” [COORDINATOR] LLMå“åº”é•¿åº¦: 309
13:56:43 - Agent.llm_coordinator_agent - INFO - ğŸ”§ æ‰§è¡Œå·¥å…·è°ƒç”¨: recommend_agent
13:56:43 - Agent.llm_coordinator_agent - INFO - ğŸ¤– æ¨èæ™ºèƒ½ä½“: design - medium
13:56:43 - Agent.llm_coordinator_agent - INFO - âœ… å·¥å…·æ‰§è¡ŒæˆåŠŸ: recommend_agent
13:56:43 - Agent.llm_coordinator_agent - INFO - ğŸ”„ Function Calling è¿­ä»£ 3/6
13:56:43 - Agent.llm_coordinator_agent - INFO - ğŸ”„ [COORDINATOR] å‡†å¤‡LLMè°ƒç”¨ - å¯¹è¯å†å²é•¿åº¦: 6, assistantæ¶ˆæ¯æ•°: 2, æ˜¯å¦é¦–æ¬¡è°ƒç”¨: False
13:56:43 - Agent.llm_coordinator_agent - INFO - ğŸ¤– [COORDINATOR] å‘èµ·LLMè°ƒç”¨ - å¯¹è¯ID: llm_coordinator_agent_exp_llm_coordinator_counter_1754459797
13:56:46 - Agent.llm_coordinator_agent - INFO - ğŸ” [COORDINATOR] LLMå“åº”é•¿åº¦: 393
13:56:46 - Agent.llm_coordinator_agent - INFO - ğŸ”§ æ‰§è¡Œå·¥å…·è°ƒç”¨: assign_task_to_agent
13:56:46 - Agent.llm_coordinator_agent - INFO - ğŸ¯ åˆ†é…ä»»åŠ¡ç»™æ™ºèƒ½ä½“: enhanced_real_verilog_agent
13:56:46 - Agent.llm_coordinator_agent - INFO - ğŸ“‹ ä»»åŠ¡æè¿°: è®¾è®¡ä¸€ä¸ªåä¸ºcounterçš„Verilogæ¨¡å—...
13:56:46 - Agent.llm_coordinator_agent - INFO - ğŸ§ª ä»æ´»è·ƒä»»åŠ¡ä¸­è·å–å®éªŒè·¯å¾„: C:\Users\84672\Documents\Research\V-Agent\experiments\design_counter_20250806_135637
13:56:46 - Agent.llm_coordinator_agent - INFO - âœ… è®¾ç½®ä»»åŠ¡å®éªŒè·¯å¾„: C:\Users\84672\Documents\Research\V-Agent\experiments\design_counter_20250806_135637
13:56:46 - Agent.llm_coordinator_agent - WARNING - âš ï¸ æœªæ‰¾åˆ°ä¹‹å‰çš„è®¾è®¡æ–‡ä»¶è·¯å¾„
13:56:46 - Agent.llm_coordinator_agent - INFO - ğŸ§ª ä½¿ç”¨ä»»åŠ¡ä¸Šä¸‹æ–‡ä¸­çš„å®éªŒè·¯å¾„: C:\Users\84672\Documents\Research\V-Agent\experiments\design_counter_20250806_135637
13:56:46 - Agent.llm_coordinator_agent - INFO - ğŸ“¤ å‘é€ä»»åŠ¡ç»™æ™ºèƒ½ä½“ enhanced_real_verilog_agent
13:56:46 - Agent.llm_coordinator_agent - INFO - ğŸ“‹ ä»»åŠ¡æè¿°: 
ğŸ“‹ åè°ƒæ™ºèƒ½ä½“åˆ†é…çš„ä»»åŠ¡

**ä»»åŠ¡æè¿°**:
è®¾è®¡ä¸€ä¸ªåä¸ºcounterçš„Verilogæ¨¡å—

**æœŸæœ›è¾“å‡º**:
ç”Ÿæˆå®Œæ•´çš„Verilogä»£ç æ–‡ä»¶

**ä»»åŠ¡ç±»å‹**:
- ç±»å‹: design
- ä¼˜å…ˆçº§: medium

**ä»»åŠ¡ä¸Šä¸‹æ–‡**:
- ä»»åŠ¡ID: task_1754459806
- å½“å‰é˜¶æ®µ: assigned_to_enhanced_real_verilog_agent
-...
13:56:46 - Agent.llm_coordinator_agent - INFO - ğŸ“‹ è°ƒç”¨å‰ agent å¯¹è¯çŠ¶æ€: {'conversation_id': None, 'message_count': 0, 'conversation_duration': 0, 'system_prompt_length': 6736, 'last_message_time': None, 'agent_id': 'enhanced_real_verilog_agent', 'role': 'verilog_designer'}
13:56:46 - Agent.enhanced_real_verilog_agent - INFO - ğŸ”— è®¾ç½®ä»»åŠ¡ä¸Šä¸‹æ–‡: task_1754459806
13:56:46 - Agent.llm_coordinator_agent - INFO - ğŸ”— å·²è®¾ç½®ä»»åŠ¡ä¸Šä¸‹æ–‡ç»™æ™ºèƒ½ä½“ enhanced_real_verilog_agent
13:56:46 - Agent.enhanced_real_verilog_agent - INFO - ğŸš€ å¼€å§‹Function Callingå¤„ç†: 
ğŸ“‹ åè°ƒæ™ºèƒ½ä½“åˆ†é…çš„ä»»åŠ¡

**ä»»åŠ¡æè¿°**:
è®¾è®¡ä¸€ä¸ªåä¸ºcounterçš„Verilogæ¨¡å—

**æœŸæœ›è¾“å‡º**:
ç”Ÿæˆå®Œæ•´çš„Verilogä»£ç æ–‡ä»¶

**ä»»åŠ¡ç±»å‹**:
- ç±»å‹: design...
13:56:46 - Agent.enhanced_real_verilog_agent - INFO - ğŸ”„ è‡ªä¸»ç»§ç»­æ¨¡å¼: å¯ç”¨
13:56:46 - Agent.enhanced_real_verilog_agent - INFO - ğŸ”— æ™ºèƒ½ä½“ç‹¬ç«‹å¯¹è¯ID: enhanced_real_verilog_agent_task_1754459806 (åŸå§‹ID: task_1754459806)
13:56:46 - Agent.enhanced_real_verilog_agent - INFO - ğŸ†• åˆ›å»ºæ–°çš„å¯¹è¯å†å²
13:56:46 - Agent.enhanced_real_verilog_agent - INFO - ğŸ“Š å¯¹è¯ç»Ÿè®¡: æ€»æ¶ˆæ¯æ•°=2, å¯¹è¯æ—¶é•¿=0.0ç§’
13:56:46 - Agent.enhanced_real_verilog_agent - INFO - ğŸ”„ Function Calling è¿­ä»£ 1/8
13:56:46 - Agent.enhanced_real_verilog_agent - INFO - ğŸ”„ [VERILOG_AGENT] å‡†å¤‡LLMè°ƒç”¨ - å¯¹è¯å†å²é•¿åº¦: 2, assistantæ¶ˆæ¯æ•°: 0, æ˜¯å¦é¦–æ¬¡è°ƒç”¨: True
13:56:46 - Agent.enhanced_real_verilog_agent - INFO - ğŸ¤– [VERILOG_AGENT] å‘èµ·LLMè°ƒç”¨ - å¯¹è¯ID: enhanced_real_verilog_agent_task_1754459806
13:56:48 - Agent.enhanced_real_verilog_agent - INFO - ğŸ” [VERILOG_AGENT] LLMå“åº”é•¿åº¦: 649
13:56:48 - Agent.enhanced_real_verilog_agent - INFO - ğŸ”§ æ‰§è¡Œå·¥å…·è°ƒç”¨: generate_verilog_code
13:56:48 - Agent.enhanced_real_verilog_agent - INFO - ğŸ”§ ç”ŸæˆVerilogä»£ç : counter
13:56:48 - Agent.enhanced_real_verilog_agent - INFO - ğŸ” æ£€æµ‹åˆ°è®¾è®¡ç±»å‹: æ—¶åºé€»è¾‘
13:56:51 - Agent.enhanced_real_verilog_agent - INFO - ğŸ“ å†™å…¥æ–‡ä»¶: counter.v
13:56:51 - Agent.enhanced_real_verilog_agent - INFO - ğŸ§ª ä½¿ç”¨ä»»åŠ¡ä¸Šä¸‹æ–‡å®éªŒè·¯å¾„: C:\Users\84672\Documents\Research\V-Agent\experiments\design_counter_20250806_135637
13:56:51 - Agent.enhanced_real_verilog_agent - INFO - ğŸ§¹ ä½¿ç”¨æ™ºèƒ½ä»£ç æå–å¤„ç†Verilogæ–‡ä»¶
13:56:51 - Agent.enhanced_real_verilog_agent - INFO - ğŸ” å¼€å§‹æå–Verilogä»£ç ï¼ŒåŸå§‹å†…å®¹é•¿åº¦: 430
13:56:51 - Agent.enhanced_real_verilog_agent - INFO - ğŸ” æœªæ‰¾åˆ°ä»£ç å—ï¼Œå°è¯•æå–moduleå£°æ˜
13:56:51 - Agent.enhanced_real_verilog_agent - INFO - âœ… æ‰¾åˆ° 1 ä¸ªmoduleå£°æ˜
13:56:51 - Agent.enhanced_real_verilog_agent - INFO - âœ… module 1 éªŒè¯é€šè¿‡ï¼Œé•¿åº¦: 430
13:56:51 - Agent.enhanced_real_verilog_agent - INFO - âœ… æˆåŠŸæå–Verilogä»£ç ï¼Œé•¿åº¦: 430
13:56:51 - Agent.enhanced_real_verilog_agent - INFO - ğŸ§¹ Verilogä»£ç æå–æˆåŠŸï¼šé•¿åº¦ 430 å­—ç¬¦
ğŸ§  å¢å¼ºLLMåè°ƒæ™ºèƒ½ä½“æµ‹è¯•
============================================================
   è®¾è®¡ç±»å‹: counter
   é…ç½®æ¡£æ¡ˆ: standard
   æœ€å¤§è¿­ä»£: 6
   å®éªŒID: llm_coordinator_counter_1754459797
   è¾“å‡ºç›®å½•: C:\Users\84672\Documents\Research\V-Agent\llm_experiments\llm_coordinator_counter_1754459797
============================================================

ğŸ”§ è®¾ç½®å®éªŒç¯å¢ƒ...
âœ… æˆåŠŸåŠ è½½ç¯å¢ƒé…ç½®: C:\Users\84672\Documents\Research\V-Agent\.env
   âœ… å®éªŒç›®å½•åˆ›å»º: C:\Users\84672\Documents\Research\V-Agent\llm_experiments\llm_coordinator_counter_1754459797
   âœ… å…ƒæ•°æ®ä¿å­˜: experiment_metadata.json

ğŸ¤– åˆ›å»ºLLMåè°ƒæ™ºèƒ½ä½“...
âœ… å¢å¼ºæ—¥å¿—ç³»ç»Ÿåˆå§‹åŒ–æˆåŠŸ
ğŸ“‚ å®éªŒç›®å½•: logs\experiment_20250806_135637
ğŸ“ å·¥ä»¶ç›®å½•: logs\experiment_20250806_135637\artifacts
ğŸ“‹ ä¸»æ—¥å¿—ç›®å½•: logs
   âœ… åè°ƒæ™ºèƒ½ä½“åˆ›å»ºå®Œæˆ
   âœ… æ³¨å†Œæ™ºèƒ½ä½“: enhanced_real_verilog_agent
   âœ… æ³¨å†Œæ™ºèƒ½ä½“: enhanced_real_code_review_agent

ğŸ“‹ è®¾è®¡éœ€æ±‚:

è¯·è®¾è®¡ä¸€ä¸ªåä¸º counter çš„Verilogæ¨¡å—ã€‚

**åŸºæœ¬è¦æ±‚**ï¼š
1. ç”Ÿæˆå®Œæ•´ã€å¯ç¼–è¯‘çš„Verilogä»£ç 
2. åŒ…å«é€‚å½“çš„ç«¯å£å®šä¹‰å’ŒåŠŸèƒ½å®ç°
3. ç¬¦åˆVerilogæ ‡å‡†è¯­æ³•
4. ç”Ÿæˆå¯¹åº”çš„æµ‹è¯•å°è¿›è¡ŒéªŒè¯

**è´¨é‡è¦æ±‚**ï¼š
- ä»£ç ç»“æ„æ¸…æ™°ï¼Œæ³¨é‡Šå®Œå–„
- éµå¾ªè‰¯å¥½çš„å‘½åè§„èŒƒ
- ç¡®ä¿åŠŸèƒ½æ­£ç¡®æ€§


ğŸš€ å¼€å§‹æ‰§è¡Œåè°ƒä»»åŠ¡...
   æœ€å¤§è¿­ä»£æ¬¡æ•°: 6
   è¶…æ—¶æ—¶é—´: 300ç§’
13:56:51 - core.file_manager - WARNING - âš ï¸ ç«¯å£ä¿¡æ¯ä¸ä¸€è‡´ï¼Œåˆ›å»ºæ–°ç‰ˆæœ¬: counter.v
13:56:51 - Agent.enhanced_real_verilog_agent - INFO - âœ… æ–‡ä»¶å·²ä¿å­˜åˆ°å®éªŒç›®å½•å¹¶æ³¨å†Œåˆ°ç®¡ç†å™¨: C:\Users\84672\Documents\Research\V-Agent\experiments\design_counter_20250806_135637\designs\counter.v
13:56:51 - Agent.enhanced_real_verilog_agent - INFO - âœ… å·¥å…·æ‰§è¡ŒæˆåŠŸ: generate_verilog_code
13:56:51 - Agent.enhanced_real_verilog_agent - INFO - ğŸ”„ Function Calling è¿­ä»£ 2/8
13:56:51 - Agent.enhanced_real_verilog_agent - INFO - ğŸ”„ [VERILOG_AGENT] å‡†å¤‡LLMè°ƒç”¨ - å¯¹è¯å†å²é•¿åº¦: 4, assistantæ¶ˆæ¯æ•°: 1, æ˜¯å¦é¦–æ¬¡è°ƒç”¨: False
13:56:51 - Agent.enhanced_real_verilog_agent - INFO - ğŸ¤– [VERILOG_AGENT] å‘èµ·LLMè°ƒç”¨ - å¯¹è¯ID: enhanced_real_verilog_agent_task_1754459806
13:56:54 - Agent.enhanced_real_verilog_agent - INFO - ğŸ” [VERILOG_AGENT] LLMå“åº”é•¿åº¦: 607
13:56:54 - Agent.enhanced_real_verilog_agent - INFO - ğŸ”§ æ‰§è¡Œå·¥å…·è°ƒç”¨: write_file
13:56:54 - Agent.enhanced_real_verilog_agent - INFO - ğŸ”„ å‚æ•°æ˜ å°„: file_path -> filename
13:56:54 - Agent.enhanced_real_verilog_agent - INFO - ğŸ¯ write_file å‚æ•°å·²æ ‡å‡†åŒ–
13:56:54 - Agent.enhanced_real_verilog_agent - INFO - ğŸ“ å†™å…¥æ–‡ä»¶: C:\Users\84672\Documents\Research\V-Agent\experiments\design_counter_20250806_135637\designs\counter.v
13:56:54 - Agent.enhanced_real_verilog_agent - INFO - ğŸ§ª ä½¿ç”¨ä»»åŠ¡ä¸Šä¸‹æ–‡å®éªŒè·¯å¾„: C:\Users\84672\Documents\Research\V-Agent\experiments\design_counter_20250806_135637
13:56:54 - Agent.enhanced_real_verilog_agent - INFO - ğŸ§¹ ä½¿ç”¨æ™ºèƒ½ä»£ç æå–å¤„ç†Verilogæ–‡ä»¶
13:56:54 - Agent.enhanced_real_verilog_agent - INFO - ğŸ” å¼€å§‹æå–Verilogä»£ç ï¼ŒåŸå§‹å†…å®¹é•¿åº¦: 288
13:56:54 - Agent.enhanced_real_verilog_agent - INFO - ğŸ” æœªæ‰¾åˆ°ä»£ç å—ï¼Œå°è¯•æå–moduleå£°æ˜
13:56:54 - Agent.enhanced_real_verilog_agent - INFO - âœ… æ‰¾åˆ° 1 ä¸ªmoduleå£°æ˜
13:56:54 - Agent.enhanced_real_verilog_agent - INFO - âœ… module 1 éªŒè¯é€šè¿‡ï¼Œé•¿åº¦: 288
13:56:54 - Agent.enhanced_real_verilog_agent - INFO - âœ… æˆåŠŸæå–Verilogä»£ç ï¼Œé•¿åº¦: 288
13:56:54 - Agent.enhanced_real_verilog_agent - INFO - ğŸ§¹ Verilogä»£ç æå–æˆåŠŸï¼šé•¿åº¦ 288 å­—ç¬¦
13:56:54 - Agent.enhanced_real_verilog_agent - INFO - âœ… æ–‡ä»¶å·²ä¿å­˜åˆ°å®éªŒç›®å½•å¹¶æ³¨å†Œåˆ°ç®¡ç†å™¨: C:\Users\84672\Documents\Research\V-Agent\experiments\design_counter_20250806_135637\designs\counter.v
13:56:54 - Agent.enhanced_real_verilog_agent - INFO - âœ… å·¥å…·æ‰§è¡ŒæˆåŠŸ: write_file
13:56:54 - Agent.enhanced_real_verilog_agent - INFO - ğŸ”„ Function Calling è¿­ä»£ 3/8
13:56:54 - Agent.enhanced_real_verilog_agent - INFO - ğŸ”„ [VERILOG_AGENT] å‡†å¤‡LLMè°ƒç”¨ - å¯¹è¯å†å²é•¿åº¦: 6, assistantæ¶ˆæ¯æ•°: 2, æ˜¯å¦é¦–æ¬¡è°ƒç”¨: False
13:56:54 - Agent.enhanced_real_verilog_agent - INFO - ğŸ¤– [VERILOG_AGENT] å‘èµ·LLMè°ƒç”¨ - å¯¹è¯ID: enhanced_real_verilog_agent_task_1754459806
13:56:57 - Agent.enhanced_real_verilog_agent - INFO - ğŸ” [VERILOG_AGENT] LLMå“åº”é•¿åº¦: 520
13:56:57 - Agent.enhanced_real_verilog_agent - INFO - ğŸ”§ æ‰§è¡Œå·¥å…·è°ƒç”¨: analyze_code_quality
13:56:57 - Agent.enhanced_real_verilog_agent - INFO - ğŸ” åˆ†æä»£ç è´¨é‡: counter
13:57:19 - Agent.enhanced_real_verilog_agent - INFO - âœ… å·¥å…·æ‰§è¡ŒæˆåŠŸ: analyze_code_quality
13:57:19 - Agent.enhanced_real_verilog_agent - INFO - ğŸ”„ Function Calling è¿­ä»£ 4/8
13:57:19 - Agent.enhanced_real_verilog_agent - INFO - ğŸ”„ [VERILOG_AGENT] å‡†å¤‡LLMè°ƒç”¨ - å¯¹è¯å†å²é•¿åº¦: 8, assistantæ¶ˆæ¯æ•°: 3, æ˜¯å¦é¦–æ¬¡è°ƒç”¨: False
13:57:19 - Agent.enhanced_real_verilog_agent - INFO - ğŸ¤– [VERILOG_AGENT] å‘èµ·LLMè°ƒç”¨ - å¯¹è¯ID: enhanced_real_verilog_agent_task_1754459806
13:57:26 - Agent.enhanced_real_verilog_agent - INFO - ğŸ” [VERILOG_AGENT] LLMå“åº”é•¿åº¦: 756
13:57:26 - Agent.enhanced_real_verilog_agent - INFO - ğŸ”§ æ‰§è¡Œå·¥å…·è°ƒç”¨: write_file
13:57:26 - Agent.enhanced_real_verilog_agent - INFO - ğŸ”„ å‚æ•°æ˜ å°„: file_path -> filename
13:57:26 - Agent.enhanced_real_verilog_agent - INFO - ğŸ¯ write_file å‚æ•°å·²æ ‡å‡†åŒ–
13:57:26 - Agent.enhanced_real_verilog_agent - INFO - ğŸ“ å†™å…¥æ–‡ä»¶: C:\Users\84672\Documents\Research\V-Agent\experiments\design_counter_20250806_135637\reports\counter_code_quality_report.md
13:57:26 - Agent.enhanced_real_verilog_agent - INFO - ğŸ§ª ä½¿ç”¨ä»»åŠ¡ä¸Šä¸‹æ–‡å®éªŒè·¯å¾„: C:\Users\84672\Documents\Research\V-Agent\experiments\design_counter_20250806_135637
13:57:26 - Agent.enhanced_real_verilog_agent - INFO - âœ… æ–‡ä»¶å·²ä¿å­˜åˆ°å®éªŒç›®å½•å¹¶æ³¨å†Œåˆ°ç®¡ç†å™¨: C:\Users\84672\Documents\Research\V-Agent\experiments\design_counter_20250806_135637\reports\counter_code_quality_report.md
13:57:26 - Agent.enhanced_real_verilog_agent - INFO - âœ… å·¥å…·æ‰§è¡ŒæˆåŠŸ: write_file
13:57:26 - Agent.enhanced_real_verilog_agent - INFO - ğŸ”„ Function Calling è¿­ä»£ 5/8
13:57:26 - Agent.enhanced_real_verilog_agent - INFO - ğŸ”„ [VERILOG_AGENT] å‡†å¤‡LLMè°ƒç”¨ - å¯¹è¯å†å²é•¿åº¦: 10, assistantæ¶ˆæ¯æ•°: 4, æ˜¯å¦é¦–æ¬¡è°ƒç”¨: False
13:57:26 - Agent.enhanced_real_verilog_agent - INFO - ğŸ¤– [VERILOG_AGENT] å‘èµ·LLMè°ƒç”¨ - å¯¹è¯ID: enhanced_real_verilog_agent_task_1754459806
13:57:33 - Agent.enhanced_real_verilog_agent - INFO - ğŸ” [VERILOG_AGENT] LLMå“åº”é•¿åº¦: 1083
13:57:33 - Agent.enhanced_real_verilog_agent - INFO - ğŸ”§ æ‰§è¡Œå·¥å…·è°ƒç”¨: write_file
13:57:33 - Agent.enhanced_real_verilog_agent - INFO - ğŸ”„ å‚æ•°æ˜ å°„: file_path -> filename
13:57:33 - Agent.enhanced_real_verilog_agent - INFO - ğŸ¯ write_file å‚æ•°å·²æ ‡å‡†åŒ–
13:57:33 - Agent.enhanced_real_verilog_agent - INFO - ğŸ“ å†™å…¥æ–‡ä»¶: C:\Users\84672\Documents\Research\V-Agent\experiments\design_counter_20250806_135637\reports\task_summary.md
13:57:33 - Agent.enhanced_real_verilog_agent - INFO - ğŸ§ª ä½¿ç”¨ä»»åŠ¡ä¸Šä¸‹æ–‡å®éªŒè·¯å¾„: C:\Users\84672\Documents\Research\V-Agent\experiments\design_counter_20250806_135637
13:57:33 - Agent.enhanced_real_verilog_agent - INFO - âœ… æ–‡ä»¶å·²ä¿å­˜åˆ°å®éªŒç›®å½•å¹¶æ³¨å†Œåˆ°ç®¡ç†å™¨: C:\Users\84672\Documents\Research\V-Agent\experiments\design_counter_20250806_135637\reports\task_summary.md
13:57:33 - Agent.enhanced_real_verilog_agent - INFO - âœ… å·¥å…·æ‰§è¡ŒæˆåŠŸ: write_file
13:57:33 - Agent.enhanced_real_verilog_agent - INFO - ğŸ”„ Function Calling è¿­ä»£ 6/8
13:57:33 - Agent.enhanced_real_verilog_agent - INFO - ğŸ”„ [VERILOG_AGENT] å‡†å¤‡LLMè°ƒç”¨ - å¯¹è¯å†å²é•¿åº¦: 12, assistantæ¶ˆæ¯æ•°: 5, æ˜¯å¦é¦–æ¬¡è°ƒç”¨: False
13:57:33 - Agent.enhanced_real_verilog_agent - INFO - ğŸ¤– [VERILOG_AGENT] å‘èµ·LLMè°ƒç”¨ - å¯¹è¯ID: enhanced_real_verilog_agent_task_1754459806
13:57:39 - Agent.enhanced_real_verilog_agent - INFO - ğŸ” [VERILOG_AGENT] LLMå“åº”é•¿åº¦: 762
13:57:39 - Agent.enhanced_real_verilog_agent - INFO - âœ… ä»»åŠ¡å®Œæˆï¼Œæ— éœ€è°ƒç”¨å·¥å…·ã€‚æœ€ç»ˆå¯¹è¯å†å²: 13 æ¡æ¶ˆæ¯
13:57:39 - Agent.enhanced_real_verilog_agent - INFO - ğŸ§  å¼€å§‹è‡ªä¸»ä»»åŠ¡ç»§ç»­è¯„ä¼°...
13:57:39 - Agent.enhanced_real_verilog_agent - INFO - ğŸ”„ è‡ªä¸»ç»§ç»­è¿­ä»£ 1/3
13:57:39 - Agent.enhanced_real_verilog_agent - INFO - ğŸ”„ [VERILOG_AGENT] å‡†å¤‡LLMè°ƒç”¨ - å¯¹è¯å†å²é•¿åº¦: 14, assistantæ¶ˆæ¯æ•°: 6, æ˜¯å¦é¦–æ¬¡è°ƒç”¨: False
13:57:39 - Agent.enhanced_real_verilog_agent - INFO - ğŸ¤– [VERILOG_AGENT] å‘èµ·LLMè°ƒç”¨ - å¯¹è¯ID: enhanced_real_verilog_agent_task_1754459806
13:57:42 - Agent.enhanced_real_verilog_agent - INFO - ğŸ” [VERILOG_AGENT] LLMå“åº”é•¿åº¦: 182
13:57:42 - Agent.enhanced_real_verilog_agent - INFO - ğŸ“‹ è‡ªæˆ‘è¯„ä¼°ç»“æœ: {'completion_rate': 90, 'quality_score': 85, 'needs_continuation': False, 'reason': 'åŸºäºæ–‡æœ¬åˆ†æçš„è¯„ä¼°ç»“æœ', 'suggested_actions': []}
13:57:42 - Agent.enhanced_real_verilog_agent - INFO - âœ… ä»»åŠ¡è¯„ä¼°å®Œæˆï¼Œæ— éœ€ç»§ç»­: åŸºäºæ–‡æœ¬åˆ†æçš„è¯„ä¼°ç»“æœ
13:57:42 - Agent.llm_coordinator_agent - INFO - âœ… æ™ºèƒ½ä½“ enhanced_real_verilog_agent ä»»åŠ¡æ‰§è¡Œå®Œæˆï¼Œè€—æ—¶: 56.40ç§’
13:57:42 - Agent.llm_coordinator_agent - INFO - âœ… å·¥å…·æ‰§è¡ŒæˆåŠŸ: assign_task_to_agent
13:57:42 - Agent.llm_coordinator_agent - INFO - ğŸ”„ Function Calling è¿­ä»£ 4/6
13:57:42 - Agent.llm_coordinator_agent - INFO - ğŸ”„ [COORDINATOR] å‡†å¤‡LLMè°ƒç”¨ - å¯¹è¯å†å²é•¿åº¦: 8, assistantæ¶ˆæ¯æ•°: 3, æ˜¯å¦é¦–æ¬¡è°ƒç”¨: False
13:57:42 - Agent.llm_coordinator_agent - INFO - ğŸ¤– [COORDINATOR] å‘èµ·LLMè°ƒç”¨ - å¯¹è¯ID: llm_coordinator_agent_exp_llm_coordinator_counter_1754459797
13:58:37 - Agent.llm_coordinator_agent - INFO - ğŸ” [COORDINATOR] LLMå“åº”é•¿åº¦: 9944
13:58:37 - Agent.llm_coordinator_agent - INFO - ğŸ”§ æ‰§è¡Œå·¥å…·è°ƒç”¨: analyze_agent_result
13:58:37 - Agent.llm_coordinator_agent - INFO - ğŸ” æ·±åº¦åˆ†ææ™ºèƒ½ä½“ enhanced_real_verilog_agent çš„æ‰§è¡Œç»“æœ
13:58:37 - Agent.llm_coordinator_agent - INFO - âœ… å·¥å…·æ‰§è¡ŒæˆåŠŸ: analyze_agent_result
13:58:37 - Agent.llm_coordinator_agent - INFO - ğŸ”„ Function Calling è¿­ä»£ 5/6
13:58:37 - Agent.llm_coordinator_agent - INFO - ğŸ”„ [COORDINATOR] å‡†å¤‡LLMè°ƒç”¨ - å¯¹è¯å†å²é•¿åº¦: 10, assistantæ¶ˆæ¯æ•°: 4, æ˜¯å¦é¦–æ¬¡è°ƒç”¨: False
13:58:37 - Agent.llm_coordinator_agent - INFO - ğŸ¤– [COORDINATOR] å‘èµ·LLMè°ƒç”¨ - å¯¹è¯ID: llm_coordinator_agent_exp_llm_coordinator_counter_1754459797
13:58:41 - Agent.llm_coordinator_agent - INFO - ğŸ” [COORDINATOR] LLMå“åº”é•¿åº¦: 782
13:58:41 - Agent.llm_coordinator_agent - INFO - ğŸ”§ æ‰§è¡Œå·¥å…·è°ƒç”¨: check_task_completion
13:58:41 - Agent.llm_coordinator_agent - INFO - ğŸ¯ å°†åˆ—è¡¨æ ¼å¼çš„all_resultsè½¬æ¢ä¸ºå­—å…¸æ ¼å¼ï¼ŒåŒ…å«1ä¸ªç»“æœ
13:58:41 - Agent.llm_coordinator_agent - INFO - ğŸ¯ æ€§èƒ½æŒ‡æ ‡è®¡ç®—ä¸­å°†åˆ—è¡¨æ ¼å¼çš„all_resultsè½¬æ¢ä¸ºå­—å…¸æ ¼å¼ï¼ŒåŒ…å«1ä¸ªç»“æœ
13:58:41 - Agent.llm_coordinator_agent - INFO - âœ… å·¥å…·æ‰§è¡ŒæˆåŠŸ: check_task_completion
13:58:41 - Agent.llm_coordinator_agent - INFO - ğŸ”„ Function Calling è¿­ä»£ 6/6
13:58:41 - Agent.llm_coordinator_agent - INFO - ğŸ”„ [COORDINATOR] å‡†å¤‡LLMè°ƒç”¨ - å¯¹è¯å†å²é•¿åº¦: 12, assistantæ¶ˆæ¯æ•°: 5, æ˜¯å¦é¦–æ¬¡è°ƒç”¨: False
13:58:41 - Agent.llm_coordinator_agent - INFO - ğŸ¤– [COORDINATOR] å‘èµ·LLMè°ƒç”¨ - å¯¹è¯ID: llm_coordinator_agent_exp_llm_coordinator_counter_1754459797
13:58:44 - Agent.llm_coordinator_agent - INFO - ğŸ” [COORDINATOR] LLMå“åº”é•¿åº¦: 406
13:58:44 - Agent.llm_coordinator_agent - INFO - ğŸ”§ æ‰§è¡Œå·¥å…·è°ƒç”¨: assign_task_to_agent
13:58:44 - Agent.llm_coordinator_agent - INFO - ğŸ¯ åˆ†é…ä»»åŠ¡ç»™æ™ºèƒ½ä½“: enhanced_real_code_review_agent
13:58:44 - Agent.llm_coordinator_agent - INFO - ğŸ“‹ ä»»åŠ¡æè¿°: ä¸ºcounteræ¨¡å—ç”Ÿæˆæµ‹è¯•å°å¹¶è¿›è¡ŒéªŒè¯...
13:58:44 - Agent.llm_coordinator_agent - INFO - ğŸ§ª ä»æ´»è·ƒä»»åŠ¡ä¸­è·å–å®éªŒè·¯å¾„: C:\Users\84672\Documents\Research\V-Agent\experiments\design_counter_20250806_135637
13:58:44 - Agent.llm_coordinator_agent - INFO - âœ… è®¾ç½®ä»»åŠ¡å®éªŒè·¯å¾„: C:\Users\84672\Documents\Research\V-Agent\experiments\design_counter_20250806_135637
13:58:44 - Agent.llm_coordinator_agent - INFO - ğŸ§ª ä½¿ç”¨ä»»åŠ¡ä¸Šä¸‹æ–‡ä¸­çš„å®éªŒè·¯å¾„: C:\Users\84672\Documents\Research\V-Agent\experiments\design_counter_20250806_135637
13:58:44 - Agent.llm_coordinator_agent - INFO - ğŸ“¤ å‘é€ä»»åŠ¡ç»™æ™ºèƒ½ä½“ enhanced_real_code_review_agent
13:58:44 - Agent.llm_coordinator_agent - INFO - ğŸ“‹ ä»»åŠ¡æè¿°: 
ğŸ“‹ åè°ƒæ™ºèƒ½ä½“åˆ†é…çš„ä»»åŠ¡

**ä»»åŠ¡æè¿°**:
ä¸ºcounteræ¨¡å—ç”Ÿæˆæµ‹è¯•å°å¹¶è¿›è¡ŒéªŒè¯

**æœŸæœ›è¾“å‡º**:
ç”Ÿæˆå®Œæ•´çš„Verilogæµ‹è¯•å°æ–‡ä»¶å’ŒéªŒè¯æŠ¥å‘Š

**ä»»åŠ¡ç±»å‹**:
- ç±»å‹: verification
- ä¼˜å…ˆçº§: medium

**ä»»åŠ¡ä¸Šä¸‹æ–‡**:
- ä»»åŠ¡ID: task_1754459924
- å½“å‰é˜¶æ®µ: assigned_to_enhanced_real_code_r...
13:58:44 - Agent.llm_coordinator_agent - INFO - ğŸ“‹ è°ƒç”¨å‰ agent å¯¹è¯çŠ¶æ€: {'conversation_id': None, 'message_count': 0, 'conversation_duration': 0, 'system_prompt_length': 7918, 'last_message_time': None, 'agent_id': 'enhanced_real_code_review_agent', 'role': 'code_reviewer'}
13:58:44 - Agent.enhanced_real_code_review_agent - INFO - ğŸ”— è®¾ç½®ä»»åŠ¡ä¸Šä¸‹æ–‡: task_1754459924
13:58:44 - Agent.llm_coordinator_agent - INFO - ğŸ”— å·²è®¾ç½®ä»»åŠ¡ä¸Šä¸‹æ–‡ç»™æ™ºèƒ½ä½“ enhanced_real_code_review_agent
13:58:44 - Agent.enhanced_real_code_review_agent - INFO - ğŸš€ å¼€å§‹Function Callingå¤„ç†: 
ğŸ“‹ åè°ƒæ™ºèƒ½ä½“åˆ†é…çš„ä»»åŠ¡

**ä»»åŠ¡æè¿°**:
ä¸ºcounteræ¨¡å—ç”Ÿæˆæµ‹è¯•å°å¹¶è¿›è¡ŒéªŒè¯

**æœŸæœ›è¾“å‡º**:
ç”Ÿæˆå®Œæ•´çš„Verilogæµ‹è¯•å°æ–‡ä»¶å’ŒéªŒè¯æŠ¥å‘Š

**ä»»åŠ¡ç±»å‹**:
- ç±»å‹: ver...
13:58:44 - Agent.enhanced_real_code_review_agent - INFO - ğŸ”„ è‡ªä¸»ç»§ç»­æ¨¡å¼: å¯ç”¨
13:58:44 - Agent.enhanced_real_code_review_agent - INFO - ğŸ”— æ™ºèƒ½ä½“ç‹¬ç«‹å¯¹è¯ID: enhanced_real_code_review_agent_task_1754459924 (åŸå§‹ID: task_1754459924)
13:58:44 - Agent.enhanced_real_code_review_agent - INFO - ğŸ†• åˆ›å»ºæ–°çš„å¯¹è¯å†å²
13:58:44 - Agent.enhanced_real_code_review_agent - INFO - ğŸ“Š å¯¹è¯ç»Ÿè®¡: æ€»æ¶ˆæ¯æ•°=2, å¯¹è¯æ—¶é•¿=0.0ç§’
13:58:44 - Agent.enhanced_real_code_review_agent - INFO - ğŸ”„ Function Calling è¿­ä»£ 1/8
13:58:44 - Agent.enhanced_real_code_review_agent - INFO - ğŸ”„ [CODE_REVIEWER] å‡†å¤‡LLMè°ƒç”¨ - å¯¹è¯å†å²é•¿åº¦: 2, assistantæ¶ˆæ¯æ•°: 0, æ˜¯å¦é¦–æ¬¡è°ƒç”¨: True
13:58:44 - Agent.enhanced_real_code_review_agent - INFO - ğŸ¤– [CODE_REVIEWER] å‘èµ·LLMè°ƒç”¨ - å¯¹è¯ID: enhanced_real_code_review_agent_task_1754459924
13:58:48 - Agent.enhanced_real_code_review_agent - INFO - ğŸ” [CODE_REVIEWER] LLMå“åº”é•¿åº¦: 813
13:58:48 - Agent.enhanced_real_code_review_agent - INFO - ğŸ”§ æ‰§è¡Œå·¥å…·è°ƒç”¨: generate_testbench
13:58:48 - Agent.enhanced_real_code_review_agent - INFO - ğŸ§ª ç”Ÿæˆæµ‹è¯•å°: counter
13:59:12 - Agent.enhanced_real_code_review_agent - INFO - ğŸ“ å†™å…¥æ–‡ä»¶: counter.v
13:59:12 - Agent.enhanced_real_code_review_agent - INFO - ğŸ§ª ä½¿ç”¨ä»»åŠ¡ä¸Šä¸‹æ–‡å®éªŒè·¯å¾„: C:\Users\84672\Documents\Research\V-Agent\experiments\design_counter_20250806_135637
13:59:12 - Agent.enhanced_real_code_review_agent - INFO - ğŸ§¹ ä½¿ç”¨æ™ºèƒ½ä»£ç æå–å¤„ç†Verilogæ–‡ä»¶
13:59:12 - Agent.enhanced_real_code_review_agent - INFO - ğŸ” å¼€å§‹æå–Verilogä»£ç ï¼ŒåŸå§‹å†…å®¹é•¿åº¦: 241
13:59:12 - Agent.enhanced_real_code_review_agent - INFO - ğŸ” æœªæ‰¾åˆ°ä»£ç å—ï¼Œå°è¯•æå–moduleå£°æ˜
13:59:12 - Agent.enhanced_real_code_review_agent - INFO - âœ… æ‰¾åˆ° 1 ä¸ªmoduleå£°æ˜
13:59:12 - Agent.enhanced_real_code_review_agent - INFO - âœ… module 1 éªŒè¯é€šè¿‡ï¼Œé•¿åº¦: 241
13:59:12 - Agent.enhanced_real_code_review_agent - INFO - âœ… æˆåŠŸæå–Verilogä»£ç ï¼Œé•¿åº¦: 241
13:59:12 - Agent.enhanced_real_code_review_agent - INFO - ğŸ§¹ Verilogä»£ç æå–æˆåŠŸï¼šé•¿åº¦ 241 å­—ç¬¦
13:59:12 - Agent.enhanced_real_code_review_agent - INFO - âœ… æ–‡ä»¶å·²ä¿å­˜åˆ°å®éªŒç›®å½•å¹¶æ³¨å†Œåˆ°ç®¡ç†å™¨: C:\Users\84672\Documents\Research\V-Agent\experiments\design_counter_20250806_135637\designs\counter.v
13:59:12 - Agent.enhanced_real_code_review_agent - INFO - âœ… è®¾è®¡ä»£ç å·²ä¿å­˜: counter.v
13:59:12 - Agent.enhanced_real_code_review_agent - INFO - ğŸ“ å†™å…¥æ–‡ä»¶: testbench_counter.v
13:59:12 - Agent.enhanced_real_code_review_agent - INFO - ğŸ§ª ä½¿ç”¨ä»»åŠ¡ä¸Šä¸‹æ–‡å®éªŒè·¯å¾„: C:\Users\84672\Documents\Research\V-Agent\experiments\design_counter_20250806_135637
13:59:12 - Agent.enhanced_real_code_review_agent - INFO - ğŸ§¹ ä½¿ç”¨æ™ºèƒ½ä»£ç æå–å¤„ç†Verilogæ–‡ä»¶
13:59:12 - Agent.enhanced_real_code_review_agent - INFO - ğŸ” å¼€å§‹æå–Verilogä»£ç ï¼ŒåŸå§‹å†…å®¹é•¿åº¦: 4781
13:59:12 - Agent.enhanced_real_code_review_agent - INFO - âœ… æ‰¾åˆ° 1 ä¸ªVerilogä»£ç å—
13:59:12 - Agent.enhanced_real_code_review_agent - INFO - âœ… ä»£ç å— 1 éªŒè¯é€šè¿‡ï¼Œé•¿åº¦: 4097
13:59:12 - Agent.enhanced_real_code_review_agent - INFO - âœ… æˆåŠŸæå–Verilogä»£ç ï¼Œé•¿åº¦: 4097
13:59:12 - Agent.enhanced_real_code_review_agent - INFO - ğŸ§¹ Verilogä»£ç æå–æˆåŠŸï¼šé•¿åº¦ 4097 å­—ç¬¦
13:59:12 - Agent.enhanced_real_code_review_agent - INFO - ğŸ§¹ å†…å®¹å·²æ¸…ç†ï¼š4781 -> 4097 å­—ç¬¦
13:59:12 - Agent.enhanced_real_code_review_agent - INFO - âœ… æ–‡ä»¶å·²ä¿å­˜åˆ°å®éªŒç›®å½•å¹¶æ³¨å†Œåˆ°ç®¡ç†å™¨: C:\Users\84672\Documents\Research\V-Agent\experiments\design_counter_20250806_135637\testbenches\testbench_counter.v
13:59:12 - Agent.enhanced_real_code_review_agent - INFO - âœ… å·¥å…·æ‰§è¡ŒæˆåŠŸ: generate_testbench
13:59:12 - Agent.enhanced_real_code_review_agent - INFO - ğŸ”„ Function Calling è¿­ä»£ 2/8
13:59:12 - Agent.enhanced_real_code_review_agent - INFO - ğŸ”„ [CODE_REVIEWER] å‡†å¤‡LLMè°ƒç”¨ - å¯¹è¯å†å²é•¿åº¦: 4, assistantæ¶ˆæ¯æ•°: 1, æ˜¯å¦é¦–æ¬¡è°ƒç”¨: False
13:59:12 - Agent.enhanced_real_code_review_agent - INFO - ğŸ¤– [CODE_REVIEWER] å‘èµ·LLMè°ƒç”¨ - å¯¹è¯ID: enhanced_real_code_review_agent_task_1754459924
13:59:30 - Agent.enhanced_real_code_review_agent - INFO - ğŸ” [CODE_REVIEWER] LLMå“åº”é•¿åº¦: 2276
13:59:30 - Agent.enhanced_real_code_review_agent - INFO - âœ… ä»»åŠ¡å®Œæˆï¼Œæ— éœ€è°ƒç”¨å·¥å…·ã€‚æœ€ç»ˆå¯¹è¯å†å²: 5 æ¡æ¶ˆæ¯
13:59:30 - Agent.enhanced_real_code_review_agent - INFO - ğŸ§  å¼€å§‹è‡ªä¸»ä»»åŠ¡ç»§ç»­è¯„ä¼°...
13:59:30 - Agent.enhanced_real_code_review_agent - INFO - ğŸ”„ è‡ªä¸»ç»§ç»­è¿­ä»£ 1/3
13:59:30 - Agent.enhanced_real_code_review_agent - INFO - ğŸ”„ [CODE_REVIEWER] å‡†å¤‡LLMè°ƒç”¨ - å¯¹è¯å†å²é•¿åº¦: 6, assistantæ¶ˆæ¯æ•°: 2, æ˜¯å¦é¦–æ¬¡è°ƒç”¨: False
13:59:30 - Agent.enhanced_real_code_review_agent - INFO - ğŸ¤– [CODE_REVIEWER] å‘èµ·LLMè°ƒç”¨ - å¯¹è¯ID: enhanced_real_code_review_agent_task_1754459924
13:59:32 - Agent.enhanced_real_code_review_agent - INFO - ğŸ” [CODE_REVIEWER] LLMå“åº”é•¿åº¦: 169
13:59:32 - Agent.enhanced_real_code_review_agent - WARNING - âš ï¸ ç¼ºå°‘å¿…éœ€çš„å·¥å…·è°ƒç”¨: ['run_simulation', 'write_file']
13:59:32 - Agent.enhanced_real_code_review_agent - WARNING - âš ï¸ å·¥å…·è°ƒç”¨éªŒè¯å¤±è´¥: ç¼ºå°‘å¿…éœ€çš„å·¥å…·è°ƒç”¨: run_simulation, write_file
13:59:32 - Agent.enhanced_real_code_review_agent - INFO - ğŸ“‹ è‡ªæˆ‘è¯„ä¼°ç»“æœ: {'needs_continuation': True, 'reason': 'ç¼ºå°‘å¿…éœ€çš„å·¥å…·è°ƒç”¨: run_simulation, write_file', 'suggested_actions': ['è°ƒç”¨å¿…éœ€å·¥å…·: run_simulation', 'è°ƒç”¨å¿…éœ€å·¥å…·: write_file']}
13:59:32 - Agent.enhanced_real_code_review_agent - INFO - ğŸ”„ å†³å®šç»§ç»­æ‰§è¡Œä»»åŠ¡: ç¼ºå°‘å¿…éœ€çš„å·¥å…·è°ƒç”¨: run_simulation, write_file
13:59:32 - Agent.enhanced_real_code_review_agent - INFO - ğŸ”„ Function Calling è¿­ä»£ 1/8
13:59:32 - Agent.enhanced_real_code_review_agent - INFO - ğŸ”„ [CODE_REVIEWER] å‡†å¤‡LLMè°ƒç”¨ - å¯¹è¯å†å²é•¿åº¦: 8, assistantæ¶ˆæ¯æ•°: 3, æ˜¯å¦é¦–æ¬¡è°ƒç”¨: False
13:59:32 - Agent.enhanced_real_code_review_agent - INFO - ğŸ¤– [CODE_REVIEWER] å‘èµ·LLMè°ƒç”¨ - å¯¹è¯ID: enhanced_real_code_review_agent_task_1754459924
13:59:32 - LLMClient-dashscope - WARNING - âš ï¸ è¿æ¥é”™è¯¯ (å°è¯• 1/3): 403, message='{"error":{"code":"AllocationQuota.FreeTierOnly","param":null,"message":"The free tier of the model has been exhausted. If you wish to continue access the model on a paid basis, please disable the \\"use free tier only\\" mode in the management console.","type":"AllocationQuota.FreeTierOnly"},"id":"chatcmpl-d0cee41d-8ec5-9485-a85a-ee1eadd65f6e","request_id":"d0cee41d-8ec5-9485-a85a-ee1eadd65f6e"}', url='https://dashscope.aliyuncs.com/compatible-mode/v1/chat/completions'
13:59:33 - LLMClient-dashscope - WARNING - âš ï¸ è¿æ¥é”™è¯¯ (å°è¯• 2/3): 403, message='{"error":{"code":"AllocationQuota.FreeTierOnly","param":null,"message":"The free tier of the model has been exhausted. If you wish to continue access the model on a paid basis, please disable the \\"use free tier only\\" mode in the management console.","type":"AllocationQuota.FreeTierOnly"},"id":"chatcmpl-4cc73640-9083-963c-bb47-48a5f132af37","request_id":"4cc73640-9083-963c-bb47-48a5f132af37"}', url='https://dashscope.aliyuncs.com/compatible-mode/v1/chat/completions'
13:59:35 - LLMClient-dashscope - WARNING - âš ï¸ è¿æ¥é”™è¯¯ (å°è¯• 3/3): 403, message='{"error":{"code":"AllocationQuota.FreeTierOnly","param":null,"message":"The free tier of the model has been exhausted. If you wish to continue access the model on a paid basis, please disable the \\"use free tier only\\" mode in the management console.","type":"AllocationQuota.FreeTierOnly"},"id":"chatcmpl-106d3beb-2d19-9d07-a0c5-4df06d5e4ad3","request_id":"106d3beb-2d19-9d07-a0c5-4df06d5e4ad3"}', url='https://dashscope.aliyuncs.com/compatible-mode/v1/chat/completions'
13:59:35 - LLMClient-dashscope - ERROR - âŒ LLMè¯·æ±‚å¤±è´¥ï¼Œå·²é‡è¯• 3 æ¬¡ã€‚æœ€åé”™è¯¯: 403, message='{"error":{"code":"AllocationQuota.FreeTierOnly","param":null,"message":"The free tier of the model has been exhausted. If you wish to continue access the model on a paid basis, please disable the \\"use free tier only\\" mode in the management console.","type":"AllocationQuota.FreeTierOnly"},"id":"chatcmpl-106d3beb-2d19-9d07-a0c5-4df06d5e4ad3","request_id":"106d3beb-2d19-9d07-a0c5-4df06d5e4ad3"}', url='https://dashscope.aliyuncs.com/compatible-mode/v1/chat/completions'
13:59:35 - OptimizedLLMClient-dashscope - ERROR - âŒ ä¼˜åŒ–è¯·æ±‚å¤±è´¥: LLMè¯·æ±‚å¤±è´¥ï¼Œå·²é‡è¯• 3 æ¬¡ã€‚æœ€åé”™è¯¯: 403, message='{"error":{"code":"AllocationQuota.FreeTierOnly","param":null,"message":"The free tier of the model has been exhausted. If you wish to continue access the model on a paid basis, please disable the \\"use free tier only\\" mode in the management console.","type":"AllocationQuota.FreeTierOnly"},"id":"chatcmpl-106d3beb-2d19-9d07-a0c5-4df06d5e4ad3","request_id":"106d3beb-2d19-9d07-a0c5-4df06d5e4ad3"}', url='https://dashscope.aliyuncs.com/compatible-mode/v1/chat/completions'
13:59:35 - Agent.enhanced_real_code_review_agent - ERROR - âŒ ä¼˜åŒ–LLMè°ƒç”¨å¤±è´¥: LLMè¯·æ±‚å¤±è´¥ï¼Œå·²é‡è¯• 3 æ¬¡ã€‚æœ€åé”™è¯¯: 403, message='{"error":{"code":"AllocationQuota.FreeTierOnly","param":null,"message":"The free tier of the model has been exhausted. If you wish to continue access the model on a paid basis, please disable the \\"use free tier only\\" mode in the management console.","type":"AllocationQuota.FreeTierOnly"},"id":"chatcmpl-106d3beb-2d19-9d07-a0c5-4df06d5e4ad3","request_id":"106d3beb-2d19-9d07-a0c5-4df06d5e4ad3"}', url='https://dashscope.aliyuncs.com/compatible-mode/v1/chat/completions'
13:59:35 - Agent.enhanced_real_code_review_agent - WARNING - âš ï¸ å›é€€åˆ°ä¼ ç»ŸLLMè°ƒç”¨æ–¹å¼
13:59:36 - LLMClient-dashscope - WARNING - âš ï¸ è¿æ¥é”™è¯¯ (å°è¯• 1/3): 429, message='{"error":{"message":"You exceeded your current requests list.","type":"limit_requests","param":null,"code":"limit_requests"},"request_id":"07464183-3ee5-9440-9e5a-ec424fdd724b"}', url='https://dashscope.aliyuncs.com/compatible-mode/v1/chat/completions'
13:59:37 - LLMClient-dashscope - WARNING - âš ï¸ è¿æ¥é”™è¯¯ (å°è¯• 2/3): 403, message='{"error":{"code":"AllocationQuota.FreeTierOnly","param":null,"message":"The free tier of the model has been exhausted. If you wish to continue access the model on a paid basis, please disable the \\"use free tier only\\" mode in the management console.","type":"AllocationQuota.FreeTierOnly"},"id":"chatcmpl-5aadacca-8648-9de5-a529-42165b189ffc","request_id":"5aadacca-8648-9de5-a529-42165b189ffc"}', url='https://dashscope.aliyuncs.com/compatible-mode/v1/chat/completions'
13:59:39 - LLMClient-dashscope - WARNING - âš ï¸ è¿æ¥é”™è¯¯ (å°è¯• 3/3): 403, message='{"error":{"code":"AllocationQuota.FreeTierOnly","param":null,"message":"The free tier of the model has been exhausted. If you wish to continue access the model on a paid basis, please disable the \\"use free tier only\\" mode in the management console.","type":"AllocationQuota.FreeTierOnly"},"id":"chatcmpl-39ff2c65-965f-95b4-afa2-c7749916ebdb","request_id":"39ff2c65-965f-95b4-afa2-c7749916ebdb"}', url='https://dashscope.aliyuncs.com/compatible-mode/v1/chat/completions'
13:59:39 - LLMClient-dashscope - ERROR - âŒ LLMè¯·æ±‚å¤±è´¥ï¼Œå·²é‡è¯• 3 æ¬¡ã€‚æœ€åé”™è¯¯: 403, message='{"error":{"code":"AllocationQuota.FreeTierOnly","param":null,"message":"The free tier of the model has been exhausted. If you wish to continue access the model on a paid basis, please disable the \\"use free tier only\\" mode in the management console.","type":"AllocationQuota.FreeTierOnly"},"id":"chatcmpl-39ff2c65-965f-95b4-afa2-c7749916ebdb","request_id":"39ff2c65-965f-95b4-afa2-c7749916ebdb"}', url='https://dashscope.aliyuncs.com/compatible-mode/v1/chat/completions'
13:59:39 - Agent.enhanced_real_code_review_agent - ERROR - âŒ ä¼ ç»ŸLLMè°ƒç”¨å¤±è´¥: LLMè¯·æ±‚å¤±è´¥ï¼Œå·²é‡è¯• 3 æ¬¡ã€‚æœ€åé”™è¯¯: 403, message='{"error":{"code":"AllocationQuota.FreeTierOnly","param":null,"message":"The free tier of the model has been exhausted. If you wish to continue access the model on a paid basis, please disable the \\"use free tier only\\" mode in the management console.","type":"AllocationQuota.FreeTierOnly"},"id":"chatcmpl-39ff2c65-965f-95b4-afa2-c7749916ebdb","request_id":"39ff2c65-965f-95b4-afa2-c7749916ebdb"}', url='https://dashscope.aliyuncs.com/compatible-mode/v1/chat/completions'
13:59:39 - Agent.enhanced_real_code_review_agent - ERROR - âŒ Function Callingè¿­ä»£å¤±è´¥: LLMè¯·æ±‚å¤±è´¥ï¼Œå·²é‡è¯• 3 æ¬¡ã€‚æœ€åé”™è¯¯: 403, message='{"error":{"code":"AllocationQuota.FreeTierOnly","param":null,"message":"The free tier of the model has been exhausted. If you wish to continue access the model on a paid basis, please disable the \\"use free tier only\\" mode in the management console.","type":"AllocationQuota.FreeTierOnly"},"id":"chatcmpl-39ff2c65-965f-95b4-afa2-c7749916ebdb","request_id":"39ff2c65-965f-95b4-afa2-c7749916ebdb"}', url='https://dashscope.aliyuncs.com/compatible-mode/v1/chat/completions'
13:59:39 - Agent.enhanced_real_code_review_agent - INFO - ğŸ”„ è‡ªä¸»ç»§ç»­è¿­ä»£ 2/3
13:59:39 - Agent.enhanced_real_code_review_agent - INFO - ğŸ”„ [CODE_REVIEWER] å‡†å¤‡LLMè°ƒç”¨ - å¯¹è¯å†å²é•¿åº¦: 9, assistantæ¶ˆæ¯æ•°: 3, æ˜¯å¦é¦–æ¬¡è°ƒç”¨: False
13:59:39 - Agent.enhanced_real_code_review_agent - INFO - ğŸ¤– [CODE_REVIEWER] å‘èµ·LLMè°ƒç”¨ - å¯¹è¯ID: enhanced_real_code_review_agent_task_1754459924
13:59:39 - LLMClient-dashscope - WARNING - âš ï¸ è¿æ¥é”™è¯¯ (å°è¯• 1/3): 429, message='{"error":{"message":"You exceeded your current requests list.","type":"limit_requests","param":null,"code":"limit_requests"},"request_id":"6ae6d226-20cb-9646-ae23-fc65ab4c3e6a"}', url='https://dashscope.aliyuncs.com/compatible-mode/v1/chat/completions'
13:59:40 - LLMClient-dashscope - WARNING - âš ï¸ è¿æ¥é”™è¯¯ (å°è¯• 2/3): 403, message='{"error":{"code":"AllocationQuota.FreeTierOnly","param":null,"message":"The free tier of the model has been exhausted. If you wish to continue access the model on a paid basis, please disable the \\"use free tier only\\" mode in the management console.","type":"AllocationQuota.FreeTierOnly"},"id":"chatcmpl-a9706e85-79f7-938a-8334-e03b6d106bf0","request_id":"a9706e85-79f7-938a-8334-e03b6d106bf0"}', url='https://dashscope.aliyuncs.com/compatible-mode/v1/chat/completions'
13:59:42 - LLMClient-dashscope - WARNING - âš ï¸ è¿æ¥é”™è¯¯ (å°è¯• 3/3): 403, message='{"error":{"code":"AllocationQuota.FreeTierOnly","param":null,"message":"The free tier of the model has been exhausted. If you wish to continue access the model on a paid basis, please disable the \\"use free tier only\\" mode in the management console.","type":"AllocationQuota.FreeTierOnly"},"id":"chatcmpl-d4f6cb8d-b888-9a8a-b749-b3ab01b9f287","request_id":"d4f6cb8d-b888-9a8a-b749-b3ab01b9f287"}', url='https://dashscope.aliyuncs.com/compatible-mode/v1/chat/completions'
13:59:42 - LLMClient-dashscope - ERROR - âŒ LLMè¯·æ±‚å¤±è´¥ï¼Œå·²é‡è¯• 3 æ¬¡ã€‚æœ€åé”™è¯¯: 403, message='{"error":{"code":"AllocationQuota.FreeTierOnly","param":null,"message":"The free tier of the model has been exhausted. If you wish to continue access the model on a paid basis, please disable the \\"use free tier only\\" mode in the management console.","type":"AllocationQuota.FreeTierOnly"},"id":"chatcmpl-d4f6cb8d-b888-9a8a-b749-b3ab01b9f287","request_id":"d4f6cb8d-b888-9a8a-b749-b3ab01b9f287"}', url='https://dashscope.aliyuncs.com/compatible-mode/v1/chat/completions'
13:59:42 - OptimizedLLMClient-dashscope - ERROR - âŒ ä¼˜åŒ–è¯·æ±‚å¤±è´¥: LLMè¯·æ±‚å¤±è´¥ï¼Œå·²é‡è¯• 3 æ¬¡ã€‚æœ€åé”™è¯¯: 403, message='{"error":{"code":"AllocationQuota.FreeTierOnly","param":null,"message":"The free tier of the model has been exhausted. If you wish to continue access the model on a paid basis, please disable the \\"use free tier only\\" mode in the management console.","type":"AllocationQuota.FreeTierOnly"},"id":"chatcmpl-d4f6cb8d-b888-9a8a-b749-b3ab01b9f287","request_id":"d4f6cb8d-b888-9a8a-b749-b3ab01b9f287"}', url='https://dashscope.aliyuncs.com/compatible-mode/v1/chat/completions'
13:59:42 - Agent.enhanced_real_code_review_agent - ERROR - âŒ ä¼˜åŒ–LLMè°ƒç”¨å¤±è´¥: LLMè¯·æ±‚å¤±è´¥ï¼Œå·²é‡è¯• 3 æ¬¡ã€‚æœ€åé”™è¯¯: 403, message='{"error":{"code":"AllocationQuota.FreeTierOnly","param":null,"message":"The free tier of the model has been exhausted. If you wish to continue access the model on a paid basis, please disable the \\"use free tier only\\" mode in the management console.","type":"AllocationQuota.FreeTierOnly"},"id":"chatcmpl-d4f6cb8d-b888-9a8a-b749-b3ab01b9f287","request_id":"d4f6cb8d-b888-9a8a-b749-b3ab01b9f287"}', url='https://dashscope.aliyuncs.com/compatible-mode/v1/chat/completions'
13:59:42 - Agent.enhanced_real_code_review_agent - WARNING - âš ï¸ å›é€€åˆ°ä¼ ç»ŸLLMè°ƒç”¨æ–¹å¼
13:59:42 - LLMClient-dashscope - WARNING - âš ï¸ è¿æ¥é”™è¯¯ (å°è¯• 1/3): 429, message='{"error":{"message":"You exceeded your current requests list.","type":"limit_requests","param":null,"code":"limit_requests"},"request_id":"c6fa5f2c-bdcd-91b3-beac-18e6b9544988"}', url='https://dashscope.aliyuncs.com/compatible-mode/v1/chat/completions'
13:59:43 - LLMClient-dashscope - WARNING - âš ï¸ è¿æ¥é”™è¯¯ (å°è¯• 2/3): 403, message='{"error":{"code":"AllocationQuota.FreeTierOnly","param":null,"message":"The free tier of the model has been exhausted. If you wish to continue access the model on a paid basis, please disable the \\"use free tier only\\" mode in the management console.","type":"AllocationQuota.FreeTierOnly"},"id":"chatcmpl-01820394-cc4f-904b-bd03-f4a8e3be7480","request_id":"01820394-cc4f-904b-bd03-f4a8e3be7480"}', url='https://dashscope.aliyuncs.com/compatible-mode/v1/chat/completions'
13:59:46 - LLMClient-dashscope - WARNING - âš ï¸ è¿æ¥é”™è¯¯ (å°è¯• 3/3): 403, message='{"error":{"code":"AllocationQuota.FreeTierOnly","param":null,"message":"The free tier of the model has been exhausted. If you wish to continue access the model on a paid basis, please disable the \\"use free tier only\\" mode in the management console.","type":"AllocationQuota.FreeTierOnly"},"id":"chatcmpl-ff5ac974-73bb-9055-87ec-27a9dd55a30c","request_id":"ff5ac974-73bb-9055-87ec-27a9dd55a30c"}', url='https://dashscope.aliyuncs.com/compatible-mode/v1/chat/completions'
13:59:46 - LLMClient-dashscope - ERROR - âŒ LLMè¯·æ±‚å¤±è´¥ï¼Œå·²é‡è¯• 3 æ¬¡ã€‚æœ€åé”™è¯¯: 403, message='{"error":{"code":"AllocationQuota.FreeTierOnly","param":null,"message":"The free tier of the model has been exhausted. If you wish to continue access the model on a paid basis, please disable the \\"use free tier only\\" mode in the management console.","type":"AllocationQuota.FreeTierOnly"},"id":"chatcmpl-ff5ac974-73bb-9055-87ec-27a9dd55a30c","request_id":"ff5ac974-73bb-9055-87ec-27a9dd55a30c"}', url='https://dashscope.aliyuncs.com/compatible-mode/v1/chat/completions'
13:59:46 - Agent.enhanced_real_code_review_agent - ERROR - âŒ ä¼ ç»ŸLLMè°ƒç”¨å¤±è´¥: LLMè¯·æ±‚å¤±è´¥ï¼Œå·²é‡è¯• 3 æ¬¡ã€‚æœ€åé”™è¯¯: 403, message='{"error":{"code":"AllocationQuota.FreeTierOnly","param":null,"message":"The free tier of the model has been exhausted. If you wish to continue access the model on a paid basis, please disable the \\"use free tier only\\" mode in the management console.","type":"AllocationQuota.FreeTierOnly"},"id":"chatcmpl-ff5ac974-73bb-9055-87ec-27a9dd55a30c","request_id":"ff5ac974-73bb-9055-87ec-27a9dd55a30c"}', url='https://dashscope.aliyuncs.com/compatible-mode/v1/chat/completions'
13:59:46 - Agent.enhanced_real_code_review_agent - ERROR - âŒ è‡ªä¸»ç»§ç»­è¿­ä»£å¤±è´¥: LLMè¯·æ±‚å¤±è´¥ï¼Œå·²é‡è¯• 3 æ¬¡ã€‚æœ€åé”™è¯¯: 403, message='{"error":{"code":"AllocationQuota.FreeTierOnly","param":null,"message":"The free tier of the model has been exhausted. If you wish to continue access the model on a paid basis, please disable the \\"use free tier only\\" mode in the management console.","type":"AllocationQuota.FreeTierOnly"},"id":"chatcmpl-ff5ac974-73bb-9055-87ec-27a9dd55a30c","request_id":"ff5ac974-73bb-9055-87ec-27a9dd55a30c"}', url='https://dashscope.aliyuncs.com/compatible-mode/v1/chat/completions'
13:59:46 - Agent.llm_coordinator_agent - INFO - âœ… æ™ºèƒ½ä½“ enhanced_real_code_review_agent ä»»åŠ¡æ‰§è¡Œå®Œæˆï¼Œè€—æ—¶: 61.56ç§’
13:59:46 - Agent.llm_coordinator_agent - INFO - âœ… å·¥å…·æ‰§è¡ŒæˆåŠŸ: assign_task_to_agent
13:59:46 - Agent.llm_coordinator_agent - INFO - ğŸ”„ [COORDINATOR] å‡†å¤‡LLMè°ƒç”¨ - å¯¹è¯å†å²é•¿åº¦: 14, assistantæ¶ˆæ¯æ•°: 6, æ˜¯å¦é¦–æ¬¡è°ƒç”¨: False
13:59:46 - Agent.llm_coordinator_agent - INFO - ğŸ¤– [COORDINATOR] å‘èµ·LLMè°ƒç”¨ - å¯¹è¯ID: llm_coordinator_agent_exp_llm_coordinator_counter_1754459797
13:59:46 - LLMClient-dashscope - WARNING - âš ï¸ è¿æ¥é”™è¯¯ (å°è¯• 1/3): 429, message='{"error":{"message":"You exceeded your current requests list.","type":"limit_requests","param":null,"code":"limit_requests"},"request_id":"a1e0d38b-3de3-9390-9ae4-9219d54b7a0d"}', url='https://dashscope.aliyuncs.com/compatible-mode/v1/chat/completions'
Traceback (most recent call last):
  File "C:\Users\84672\Documents\Research\V-Agent\llm_integration\enhanced_llm_client.py", line 479, in send_prompt
    response_content = await self._send_openai_compatible_request(
                       ^^^^^^^^^^^^^^^^^^^^^^^^^^^^^^^^^^^^^^^^^^^
        session, prompt, system_prompt, temperature, max_tokens, json_mode)
        ^^^^^^^^^^^^^^^^^^^^^^^^^^^^^^^^^^^^^^^^^^^^^^^^^^^^^^^^^^^^^^^^^^^
  File "C:\Users\84672\Documents\Research\V-Agent\llm_integration\enhanced_llm_client.py", line 555, in _send_openai_compatible_request
    raise aiohttp.ClientResponseError(
    ...<4 lines>...
    )
aiohttp.client_exceptions.ClientResponseError: 429, message='{"error":{"message":"You exceeded your current requests list.","type":"limit_requests","param":null,"code":"limit_requests"},"request_id":"a1e0d38b-3de3-9390-9ae4-9219d54b7a0d"}', url='https://dashscope.aliyuncs.com/compatible-mode/v1/chat/completions'

During handling of the above exception, another exception occurred:

Traceback (most recent call last):
  File "C:\Python313\Lib\asyncio\runners.py", line 118, in run
    return self._loop.run_until_complete(task)
           ~~~~~~~~~~~~~~~~~~~~~~~~~~~~~^^^^^^
  File "C:\Python313\Lib\asyncio\base_events.py", line 719, in run_until_complete
    return future.result()
           ~~~~~~~~~~~~~^^
  File "C:\Users\84672\Documents\Research\V-Agent\test_llm_coordinator_enhanced.py", line 622, in main
    result = await experiment.run_experiment()
             ^^^^^^^^^^^^^^^^^^^^^^^^^^^^^^^^^
  File "C:\Users\84672\Documents\Research\V-Agent\test_llm_coordinator_enhanced.py", line 325, in run_experiment
    result = await self.coordinator.coordinate_task(
             ^^^^^^^^^^^^^^^^^^^^^^^^^^^^^^^^^^^^^^^
    ...<4 lines>...
    )
    ^
  File "C:\Users\84672\Documents\Research\V-Agent\core\llm_coordinator_agent.py", line 885, in coordinate_task
    result = await self.process_with_function_calling(
             ^^^^^^^^^^^^^^^^^^^^^^^^^^^^^^^^^^^^^^^^^
    ...<6 lines>...
    )
    ^
  File "C:\Users\84672\Documents\Research\V-Agent\core\base_agent.py", line 342, in process_with_function_calling
    initial_result = await self._execute_single_task_cycle(conversation, user_request, max_iterations)
                     ^^^^^^^^^^^^^^^^^^^^^^^^^^^^^^^^^^^^^^^^^^^^^^^^^^^^^^^^^^^^^^^^^^^^^^^^^^^^^^^^^
  File "C:\Users\84672\Documents\Research\V-Agent\core\base_agent.py", line 554, in _execute_single_task_cycle
    final_response = await self._call_llm_for_function_calling(conversation)
                     ^^^^^^^^^^^^^^^^^^^^^^^^^^^^^^^^^^^^^^^^^^^^^^^^^^^^^^^
  File "C:\Users\84672\Documents\Research\V-Agent\core\llm_coordinator_agent.py", line 3953, in _call_llm_for_function_calling
    response = await self.llm_client.send_prompt_optimized(
               ^^^^^^^^^^^^^^^^^^^^^^^^^^^^^^^^^^^^^^^^^^^^
    ...<6 lines>...
    )
    ^
  File "C:\Users\84672\Documents\Research\V-Agent\llm_integration\enhanced_llm_client.py", line 627, in send_prompt_optimized
    return await self.optimized_client.send_prompt_optimized(
           ^^^^^^^^^^^^^^^^^^^^^^^^^^^^^^^^^^^^^^^^^^^^^^^^^^
    ...<2 lines>...
    )
    ^
  File "C:\Users\84672\Documents\Research\V-Agent\llm_integration\enhanced_llm_client.py", line 316, in send_prompt_optimized
    response = await self._send_prompt_internal(messages, temperature, max_tokens, json_mode)
               ^^^^^^^^^^^^^^^^^^^^^^^^^^^^^^^^^^^^^^^^^^^^^^^^^^^^^^^^^^^^^^^^^^^^^^^^^^^^^^
  File "C:\Users\84672\Documents\Research\V-Agent\llm_integration\enhanced_llm_client.py", line 354, in _send_prompt_internal
    return await self._send_prompt_direct(user_prompt.strip(), system_prompt,
           ^^^^^^^^^^^^^^^^^^^^^^^^^^^^^^^^^^^^^^^^^^^^^^^^^^^^^^^^^^^^^^^^^^
                                        temperature, max_tokens, json_mode)
                                        ^^^^^^^^^^^^^^^^^^^^^^^^^^^^^^^^^^^
  File "C:\Users\84672\Documents\Research\V-Agent\llm_integration\enhanced_llm_client.py", line 365, in _send_prompt_direct
    return await self.parent_client.send_prompt(
           ^^^^^^^^^^^^^^^^^^^^^^^^^^^^^^^^^^^^^
        prompt, system_prompt, temperature, max_tokens, json_mode
        ^^^^^^^^^^^^^^^^^^^^^^^^^^^^^^^^^^^^^^^^^^^^^^^^^^^^^^^^^
    )
    ^
  File "C:\Users\84672\Documents\Research\V-Agent\llm_integration\enhanced_llm_client.py", line 505, in send_prompt
    await asyncio.sleep(delay)
  File "C:\Python313\Lib\asyncio\tasks.py", line 718, in sleep
    return await future
           ^^^^^^^^^^^^
asyncio.exceptions.CancelledError

During handling of the above exception, another exception occurred:

Traceback (most recent call last):
  File "C:\Users\84672\Documents\Research\V-Agent\test_llm_coordinator_enhanced.py", line 641, in <module>
    exit_code = asyncio.run(main())
  File "C:\Python313\Lib\asyncio\runners.py", line 195, in run
    return runner.run(main)
           ~~~~~~~~~~^^^^^^
  File "C:\Python313\Lib\asyncio\runners.py", line 123, in run
    raise KeyboardInterrupt()
KeyboardInterrupt
^C